
 Start         Length     Name                   Class
 0001:00000000 00094D28H .text                   CODE
 0002:00000000 000016E0H .data                   DATA
 0002:000016E0 000038A1H .bss                    BSS


Detailed map of segments

 0001:00000000 000056FB C=CODE     S=.text    G=(none)   M=System   ACBP=A9
 0001:000056FC 00000140 C=CODE     S=.text    G=(none)   M=SysInit  ACBP=A9
 0001:0000583C 000000BC C=CODE     S=.text    G=(none)   M=Types    ACBP=A9
 0001:000058F8 00000D90 C=CODE     S=.text    G=(none)   M=Windows  ACBP=A9
 0001:00006688 00000328 C=CODE     S=.text    G=(none)   M=SysConst ACBP=A9
 0001:000069B0 00006858 C=CODE     S=.text    G=(none)   M=SysUtils ACBP=A9
 0001:0000D208 00000038 C=CODE     S=.text    G=(none)   M=Messages ACBP=A9
 0001:0000D240 000007FB C=CODE     S=.text    G=(none)   M=VarUtils ACBP=A9
 0001:0000DA3C 000066BA C=CODE     S=.text    G=(none)   M=Variants ACBP=A9
 0001:000140F8 00000128 C=CODE     S=.text    G=(none)   M=RTLConsts ACBP=A9
 0001:00014220 00000DB0 C=CODE     S=.text    G=(none)   M=TypInfo  ACBP=A9
 0001:00014FD0 00000058 C=CODE     S=.text    G=(none)   M=ActiveX  ACBP=A9
 0001:00015028 0000C6F2 C=CODE     S=.text    G=(none)   M=Classes  ACBP=A9
 0001:0002171C 00000300 C=CODE     S=.text    G=(none)   M=Consts   ACBP=A9
 0001:00021A1C 00008EC3 C=CODE     S=.text    G=(none)   M=Graphics ACBP=A9
 0001:0002A8E0 00000048 C=CODE     S=.text    G=(none)   M=Math     ACBP=A9
 0001:0002A928 000002B8 C=CODE     S=.text    G=(none)   M=Contnrs  ACBP=A9
 0001:0002ABE0 00000620 C=CODE     S=.text    G=(none)   M=CommCtrl ACBP=A9
 0001:0002B200 00000787 C=CODE     S=.text    G=(none)   M=MultiMon ACBP=A9
 0001:0002B988 00000038 C=CODE     S=.text    G=(none)   M=Imm      ACBP=A9
 0001:0002B9C0 00000FF8 C=CODE     S=.text    G=(none)   M=HelpIntfs ACBP=A9
 0001:0002C9B8 00000038 C=CODE     S=.text    G=(none)   M=WinSpool ACBP=A9
 0001:0002C9F0 00000044 C=CODE     S=.text    G=(none)   M=Printers ACBP=A9
 0001:0002CA34 0000031F C=CODE     S=.text    G=(none)   M=FlatSB   ACBP=A9
 0001:0002CD54 000001A4 C=CODE     S=.text    G=(none)   M=SyncObjs ACBP=A9
 0001:0002CEF8 000009BB C=CODE     S=.text    G=(none)   M=UxTheme  ACBP=A9
 0001:0002D8B4 00000038 C=CODE     S=.text    G=(none)   M=RichEdit ACBP=A9
 0001:0002D8EC 00000038 C=CODE     S=.text    G=(none)   M=ToolWin  ACBP=A9
 0001:0002D924 00000050 C=CODE     S=.text    G=(none)   M=ShellAPI ACBP=A9
 0001:0002D974 00000038 C=CODE     S=.text    G=(none)   M=RegStr   ACBP=A9
 0001:0002D9AC 00000038 C=CODE     S=.text    G=(none)   M=WinInet  ACBP=A9
 0001:0002D9E4 00000038 C=CODE     S=.text    G=(none)   M=UrlMon   ACBP=A9
 0001:0002DA1C 000000C0 C=CODE     S=.text    G=(none)   M=ShlObj   ACBP=A9
 0001:0002DADC 00000048 C=CODE     S=.text    G=(none)   M=CommDlg  ACBP=A9
 0001:0002DB24 00000038 C=CODE     S=.text    G=(none)   M=Dlgs     ACBP=A9
 0001:0002DB5C 00001B35 C=CODE     S=.text    G=(none)   M=Dialogs  ACBP=A9
 0001:0002F694 0000241E C=CODE     S=.text    G=(none)   M=ExtCtrls ACBP=A9
 0001:00031AB4 00000088 C=CODE     S=.text    G=(none)   M=ComStrs  ACBP=A9
 0001:00031B3C 00000094 C=CODE     S=.text    G=(none)   M=Clipbrd  ACBP=A9
 0001:00031BD0 00000038 C=CODE     S=.text    G=(none)   M=StrUtils ACBP=A9
 0001:00031C08 00002731 C=CODE     S=.text    G=(none)   M=Buttons  ACBP=A9
 0001:0003433C 00000038 C=CODE     S=.text    G=(none)   M=ExtDlgs  ACBP=A9
 0001:00034374 00000068 C=CODE     S=.text    G=(none)   M=IniFiles ACBP=A9
 0001:000343DC 00000068 C=CODE     S=.text    G=(none)   M=Registry ACBP=A9
 0001:00034444 0000006C C=CODE     S=.text    G=(none)   M=Mapi     ACBP=A9
 0001:000344B0 00000058 C=CODE     S=.text    G=(none)   M=ExtActns ACBP=A9
 0001:00034508 00001C44 C=CODE     S=.text    G=(none)   M=ListActns ACBP=A9
 0001:0003614C 0001007C C=CODE     S=.text    G=(none)   M=ComCtrls ACBP=A9
 0001:000461C8 00000D90 C=CODE     S=.text    G=(none)   M=Themes   ACBP=A9
 0001:00046F58 0000B2D4 C=CODE     S=.text    G=(none)   M=StdCtrls ACBP=A9
 0001:0005222C 00000168 C=CODE     S=.text    G=(none)   M=StdActns ACBP=A9
 0001:00052394 00000D1F C=CODE     S=.text    G=(none)   M=WinHelpViewer ACBP=A9
 0001:000530B4 00011393 C=CODE     S=.text    G=(none)   M=Controls ACBP=A9
 0001:00064448 00001326 C=CODE     S=.text    G=(none)   M=ActnList ACBP=A9
 0001:00065770 00001B9C C=CODE     S=.text    G=(none)   M=ImgList  ACBP=A9
 0001:0006730C 000066AD C=CODE     S=.text    G=(none)   M=Menus    ACBP=A9
 0001:0006D9BC 0000C4CC C=CODE     S=.text    G=(none)   M=Forms    ACBP=A9
 0001:00079E88 00000328 C=CODE     S=.text    G=(none)   M=IniProc  ACBP=A9
 0001:0007A1B0 000004E8 C=CODE     S=.text    G=(none)   M=SProc    ACBP=A9
 0001:0007A698 00000344 C=CODE     S=.text    G=(none)   M=tcIniProc ACBP=A9
 0001:0007A9DC 000008C8 C=CODE     S=.text    G=(none)   M=FProc    ACBP=A9
 0001:0007B2A4 00000528 C=CODE     S=.text    G=(none)   M=MsgFile  ACBP=A9
 0001:0007B7CC 00000884 C=CODE     S=.text    G=(none)   M=Msg      ACBP=A9
 0001:0007C050 000002F4 C=CODE     S=.text    G=(none)   M=VersionInfo ACBP=A9
 0001:0007C344 000001B4 C=CODE     S=.text    G=(none)   M=RegProc  ACBP=A9
 0001:0007C4F8 00000038 C=CODE     S=.text    G=(none)   M=fsplugin ACBP=A9
 0001:0007C530 00000038 C=CODE     S=.text    G=(none)   M=WCXPlugin ACBP=A9
 0001:0007C568 00003BBE C=CODE     S=.text    G=(none)   M=tcProc   ACBP=A9
 0001:00080128 0000198C C=CODE     S=.text    G=(none)   M=PJMenuSpeedButtons ACBP=A9
 0001:00081AB4 000004EC C=CODE     S=.text    G=(none)   M=UFormInstallProgress ACBP=A9
 0001:00081FA0 00000250 C=CODE     S=.text    G=(none)   M=FileCtrl ACBP=A9
 0001:000821F0 000002CC C=CODE     S=.text    G=(none)   M=LogProc  ACBP=A9
 0001:000824BC 000006E4 C=CODE     S=.text    G=(none)   M=FUnpack  ACBP=A9
 0001:00082BA0 00000748 C=CODE     S=.text    G=(none)   M=SProc2   ACBP=A9
 0001:000832E8 0000046C C=CODE     S=.text    G=(none)   M=tcPaths  ACBP=A9
 0001:00083754 00000778 C=CODE     S=.text    G=(none)   M=tcReport ACBP=A9
 0001:00083ECC 00000870 C=CODE     S=.text    G=(none)   M=tcRegistration ACBP=A9
 0001:0008473C 00000530 C=CODE     S=.text    G=(none)   M=UFormAbout ACBP=A9
 0001:00084C6C 00000720 C=CODE     S=.text    G=(none)   M=tcButtons ACBP=A9
 0001:0008538C 00001298 C=CODE     S=.text    G=(none)   M=UFormOptions ACBP=A9
 0001:00086624 00000558 C=CODE     S=.text    G=(none)   M=UFormAdd ACBP=A9
 0001:00086B7C 000014B8 C=CODE     S=.text    G=(none)   M=UFormOrder ACBP=A9
 0001:00088034 00000384 C=CODE     S=.text    G=(none)   M=UFormAddExt ACBP=A9
 0001:000883B8 00001210 C=CODE     S=.text    G=(none)   M=UFormTweak ACBP=A9
 0001:000895C8 00000548 C=CODE     S=.text    G=(none)   M=UFormReport ACBP=A9
 0001:00089B10 00000238 C=CODE     S=.text    G=(none)   M=ATxClipboard ACBP=A9
 0001:00089D48 00000714 C=CODE     S=.text    G=(none)   M=UFormInstallLog ACBP=A9
 0001:0008A45C 0000A4CD C=CODE     S=.text    G=(none)   M=UFormMain ACBP=A9
 0001:0009492C 00000038 C=CODE     S=.text    G=(none)   M=UFormArchive ACBP=A9
 0001:00094964 000003C4 C=CODE     S=.text    G=(none)   M=Plugman  ACBP=A9
 0002:00000000 000000A0 C=DATA     S=.data    G=DGROUP   M=System   ACBP=A9
 0002:000000A0 00000020 C=DATA     S=.data    G=DGROUP   M=SysInit  ACBP=A9
 0002:000000C0 00000254 C=DATA     S=.data    G=DGROUP   M=SysUtils ACBP=A9
 0002:00000314 00000008 C=DATA     S=.data    G=DGROUP   M=VarUtils ACBP=A9
 0002:0000031C 00000136 C=DATA     S=.data    G=DGROUP   M=Variants ACBP=A9
 0002:00000454 0000000C C=DATA     S=.data    G=DGROUP   M=TypInfo  ACBP=A9
 0002:00000460 00000064 C=DATA     S=.data    G=DGROUP   M=Classes  ACBP=A9
 0002:000004C4 00000304 C=DATA     S=.data    G=DGROUP   M=Graphics ACBP=A9
 0002:000007C8 00000004 C=DATA     S=.data    G=DGROUP   M=Printers ACBP=A9
 0002:000007CC 00000010 C=DATA     S=.data    G=DGROUP   M=ShlObj   ACBP=A9
 0002:000007DC 000000D4 C=DATA     S=.data    G=DGROUP   M=Dialogs  ACBP=A9
 0002:000008B0 0000018C C=DATA     S=.data    G=DGROUP   M=ExtCtrls ACBP=A9
 0002:00000A3C 00000046 C=DATA     S=.data    G=DGROUP   M=Buttons  ACBP=A9
 0002:00000A84 00000008 C=DATA     S=.data    G=DGROUP   M=IniFiles ACBP=A9
 0002:00000A8C 00000008 C=DATA     S=.data    G=DGROUP   M=Registry ACBP=A9
 0002:00000A94 00000008 C=DATA     S=.data    G=DGROUP   M=Mapi     ACBP=A9
 0002:00000A9C 00000150 C=DATA     S=.data    G=DGROUP   M=ComCtrls ACBP=A9
 0002:00000BEC 00000068 C=DATA     S=.data    G=DGROUP   M=Themes   ACBP=A9
 0002:00000C54 00000120 C=DATA     S=.data    G=DGROUP   M=StdCtrls ACBP=A9
 0002:00000D74 0000013C C=DATA     S=.data    G=DGROUP   M=Controls ACBP=A9
 0002:00000EB0 00000020 C=DATA     S=.data    G=DGROUP   M=ImgList  ACBP=A9
 0002:00000ED0 000000EC C=DATA     S=.data    G=DGROUP   M=Menus    ACBP=A9
 0002:00000FBC 0000011C C=DATA     S=.data    G=DGROUP   M=Forms    ACBP=A9
 0002:000010D8 00000004 C=DATA     S=.data    G=DGROUP   M=MsgFile  ACBP=A9
 0002:000010DC 00000018 C=DATA     S=.data    G=DGROUP   M=Msg      ACBP=A9
 0002:000010F4 00000044 C=DATA     S=.data    G=DGROUP   M=tcProc   ACBP=A9
 0002:00001138 00000008 C=DATA     S=.data    G=DGROUP   M=LogProc  ACBP=A9
 0002:00001140 00000008 C=DATA     S=.data    G=DGROUP   M=FUnpack  ACBP=A9
 0002:00001148 00000008 C=DATA     S=.data    G=DGROUP   M=ATxClipboard ACBP=A9
 0002:00001150 00000040 C=DATA     S=.data    G=DGROUP   M=UFormMain ACBP=A9
 0002:00002000 00000660 C=BSS      S=.bss     G=DGROUP   M=System   ACBP=A9
 0002:00002660 00000010 C=BSS      S=.bss     G=DGROUP   M=SysInit  ACBP=A9
 0002:00002670 00000004 C=BSS      S=.bss     G=DGROUP   M=Types    ACBP=A9
 0002:00002674 00000004 C=BSS      S=.bss     G=DGROUP   M=Windows  ACBP=A9
 0002:00002678 00000004 C=BSS      S=.bss     G=DGROUP   M=SysConst ACBP=A9
 0002:0000267C 00000120 C=BSS      S=.bss     G=DGROUP   M=SysUtils ACBP=A9
 0002:0000279C 00000004 C=BSS      S=.bss     G=DGROUP   M=Messages ACBP=A9
 0002:000027A0 0000005C C=BSS      S=.bss     G=DGROUP   M=VarUtils ACBP=A9
 0002:000027FC 00000040 C=BSS      S=.bss     G=DGROUP   M=Variants ACBP=A9
 0002:0000283C 00000004 C=BSS      S=.bss     G=DGROUP   M=RTLConsts ACBP=A9
 0002:00002840 00000004 C=BSS      S=.bss     G=DGROUP   M=TypInfo  ACBP=A9
 0002:00002844 00000004 C=BSS      S=.bss     G=DGROUP   M=ActiveX  ACBP=A9
 0002:00002848 00000040 C=BSS      S=.bss     G=DGROUP   M=Classes  ACBP=A9
 0002:00002888 00000004 C=BSS      S=.bss     G=DGROUP   M=Consts   ACBP=A9
 0002:0000288C 00000060 C=BSS      S=.bss     G=DGROUP   M=Graphics ACBP=A9
 0002:000028EC 00000004 C=BSS      S=.bss     G=DGROUP   M=Math     ACBP=A9
 0002:000028F0 00000004 C=BSS      S=.bss     G=DGROUP   M=Contnrs  ACBP=A9
 0002:000028F4 0000000C C=BSS      S=.bss     G=DGROUP   M=CommCtrl ACBP=A9
 0002:00002900 00000031 C=BSS      S=.bss     G=DGROUP   M=MultiMon ACBP=A9
 0002:00002934 00000004 C=BSS      S=.bss     G=DGROUP   M=Imm      ACBP=A9
 0002:00002938 00000008 C=BSS      S=.bss     G=DGROUP   M=HelpIntfs ACBP=A9
 0002:00002940 00000004 C=BSS      S=.bss     G=DGROUP   M=WinSpool ACBP=A9
 0002:00002944 00000004 C=BSS      S=.bss     G=DGROUP   M=Printers ACBP=A9
 0002:00002948 00000034 C=BSS      S=.bss     G=DGROUP   M=FlatSB   ACBP=A9
 0002:0000297C 00000004 C=BSS      S=.bss     G=DGROUP   M=SyncObjs ACBP=A9
 0002:00002980 000000CC C=BSS      S=.bss     G=DGROUP   M=UxTheme  ACBP=A9
 0002:00002A4C 00000004 C=BSS      S=.bss     G=DGROUP   M=RichEdit ACBP=A9
 0002:00002A50 00000004 C=BSS      S=.bss     G=DGROUP   M=ToolWin  ACBP=A9
 0002:00002A54 00000004 C=BSS      S=.bss     G=DGROUP   M=ShellAPI ACBP=A9
 0002:00002A58 00000004 C=BSS      S=.bss     G=DGROUP   M=RegStr   ACBP=A9
 0002:00002A5C 00000004 C=BSS      S=.bss     G=DGROUP   M=WinInet  ACBP=A9
 0002:00002A60 00000004 C=BSS      S=.bss     G=DGROUP   M=UrlMon   ACBP=A9
 0002:00002A64 00000004 C=BSS      S=.bss     G=DGROUP   M=ShlObj   ACBP=A9
 0002:00002A68 00000004 C=BSS      S=.bss     G=DGROUP   M=CommDlg  ACBP=A9
 0002:00002A6C 00000004 C=BSS      S=.bss     G=DGROUP   M=Dlgs     ACBP=A9
 0002:00002A70 0000000C C=BSS      S=.bss     G=DGROUP   M=Dialogs  ACBP=A9
 0002:00002A7C 00000004 C=BSS      S=.bss     G=DGROUP   M=ExtCtrls ACBP=A9
 0002:00002A80 00000004 C=BSS      S=.bss     G=DGROUP   M=ComStrs  ACBP=A9
 0002:00002A84 0000000C C=BSS      S=.bss     G=DGROUP   M=Clipbrd  ACBP=A9
 0002:00002A90 00000004 C=BSS      S=.bss     G=DGROUP   M=StrUtils ACBP=A9
 0002:00002A94 00000030 C=BSS      S=.bss     G=DGROUP   M=Buttons  ACBP=A9
 0002:00002AC4 00000004 C=BSS      S=.bss     G=DGROUP   M=ExtDlgs  ACBP=A9
 0002:00002AC8 00000004 C=BSS      S=.bss     G=DGROUP   M=IniFiles ACBP=A9
 0002:00002ACC 00000004 C=BSS      S=.bss     G=DGROUP   M=Registry ACBP=A9
 0002:00002AD0 00000004 C=BSS      S=.bss     G=DGROUP   M=Mapi     ACBP=A9
 0002:00002AD4 00000009 C=BSS      S=.bss     G=DGROUP   M=ExtActns ACBP=A9
 0002:00002AE0 00000004 C=BSS      S=.bss     G=DGROUP   M=ListActns ACBP=A9
 0002:00002AE4 00000015 C=BSS      S=.bss     G=DGROUP   M=ComCtrls ACBP=A9
 0002:00002AFC 00000008 C=BSS      S=.bss     G=DGROUP   M=Themes   ACBP=A9
 0002:00002B04 00000004 C=BSS      S=.bss     G=DGROUP   M=StdCtrls ACBP=A9
 0002:00002B08 00000004 C=BSS      S=.bss     G=DGROUP   M=StdActns ACBP=A9
 0002:00002B0C 00000014 C=BSS      S=.bss     G=DGROUP   M=WinHelpViewer ACBP=A9
 0002:00002B20 00000080 C=BSS      S=.bss     G=DGROUP   M=Controls ACBP=A9
 0002:00002BA0 00000004 C=BSS      S=.bss     G=DGROUP   M=ActnList ACBP=A9
 0002:00002BA4 0000000C C=BSS      S=.bss     G=DGROUP   M=ImgList  ACBP=A9
 0002:00002BB0 00000010 C=BSS      S=.bss     G=DGROUP   M=Menus    ACBP=A9
 0002:00002BC0 00000020 C=BSS      S=.bss     G=DGROUP   M=Forms    ACBP=A9
 0002:00002BE0 00000004 C=BSS      S=.bss     G=DGROUP   M=IniProc  ACBP=A9
 0002:00002BE4 00000004 C=BSS      S=.bss     G=DGROUP   M=SProc    ACBP=A9
 0002:00002BE8 00000004 C=BSS      S=.bss     G=DGROUP   M=tcIniProc ACBP=A9
 0002:00002BEC 00000004 C=BSS      S=.bss     G=DGROUP   M=FProc    ACBP=A9
 0002:00002BF0 0000000C C=BSS      S=.bss     G=DGROUP   M=MsgFile  ACBP=A9
 0002:00002BFC 000000AC C=BSS      S=.bss     G=DGROUP   M=Msg      ACBP=A9
 0002:00002CA8 00000004 C=BSS      S=.bss     G=DGROUP   M=VersionInfo ACBP=A9
 0002:00002CAC 00000004 C=BSS      S=.bss     G=DGROUP   M=RegProc  ACBP=A9
 0002:00002CB0 00000004 C=BSS      S=.bss     G=DGROUP   M=fsplugin ACBP=A9
 0002:00002CB4 00000004 C=BSS      S=.bss     G=DGROUP   M=WCXPlugin ACBP=A9
 0002:00002CB8 00002B0C C=BSS      S=.bss     G=DGROUP   M=tcProc   ACBP=A9
 0002:000057C4 00000004 C=BSS      S=.bss     G=DGROUP   M=PJMenuSpeedButtons ACBP=A9
 0002:000057C8 00000008 C=BSS      S=.bss     G=DGROUP   M=UFormInstallProgress ACBP=A9
 0002:000057D0 00000004 C=BSS      S=.bss     G=DGROUP   M=FileCtrl ACBP=A9
 0002:000057D4 0000000C C=BSS      S=.bss     G=DGROUP   M=LogProc  ACBP=A9
 0002:000057E0 0000000C C=BSS      S=.bss     G=DGROUP   M=FUnpack  ACBP=A9
 0002:000057EC 00000004 C=BSS      S=.bss     G=DGROUP   M=SProc2   ACBP=A9
 0002:000057F0 00000004 C=BSS      S=.bss     G=DGROUP   M=tcPaths  ACBP=A9
 0002:000057F4 00000010 C=BSS      S=.bss     G=DGROUP   M=tcReport ACBP=A9
 0002:00005804 00000004 C=BSS      S=.bss     G=DGROUP   M=tcRegistration ACBP=A9
 0002:00005808 00000004 C=BSS      S=.bss     G=DGROUP   M=UFormAbout ACBP=A9
 0002:0000580C 00000004 C=BSS      S=.bss     G=DGROUP   M=tcButtons ACBP=A9
 0002:00005810 00000008 C=BSS      S=.bss     G=DGROUP   M=UFormOptions ACBP=A9
 0002:00005818 00000004 C=BSS      S=.bss     G=DGROUP   M=UFormAdd ACBP=A9
 0002:0000581C 00000004 C=BSS      S=.bss     G=DGROUP   M=UFormOrder ACBP=A9
 0002:00005820 00000004 C=BSS      S=.bss     G=DGROUP   M=UFormAddExt ACBP=A9
 0002:00005824 00000004 C=BSS      S=.bss     G=DGROUP   M=UFormTweak ACBP=A9
 0002:00005828 00000004 C=BSS      S=.bss     G=DGROUP   M=UFormReport ACBP=A9
 0002:0000582C 00000004 C=BSS      S=.bss     G=DGROUP   M=ATxClipboard ACBP=A9
 0002:00005830 00000004 C=BSS      S=.bss     G=DGROUP   M=UFormInstallLog ACBP=A9
 0002:00005834 00000068 C=BSS      S=.bss     G=DGROUP   M=UFormMain ACBP=A9
 0002:0000589C 00000004 C=BSS      S=.bss     G=DGROUP   M=UFormArchive ACBP=A9


  Address         Publics by Name

 0002:00002BB8       .01
 0002:00002A64       .1
 0002:00002CB4       .1
 0002:00002A6C       .1
 0002:00002A60       .1
 0002:00002A5C       .1
 0002:00002A58       .1
 0002:00002670       .1
 0002:00002A54       .1
 0002:00002CB0       .1
 0002:00002A4C       .1
 0002:00002A3C       .1
 0002:00002CAC       .1
 0002:00002A80       .1
 0002:00002A90       .1
 0002:00002CA8       .1
 0002:00002CA4       .1
 0002:00002BF0       .1
 0002:0000279C       .1
 0002:00002AD0       .1
 0002:00002968       .1
 0002:00002BEC       .1
 0002:00002BE8       .1
 0002:00002BE4       .1
 0002:00002888       .1
 0002:000057EC       .1
 0002:0000283C       .1
 0002:000057F0       .1
 0002:00005804       .1
 0002:00002A68       .1
 0002:0000580C       .1
 0002:00002934       .1
 0002:00002920       .1
 0002:00002B14       .1
 0002:00002BE0       .1
 0002:0000582C       .1
 0002:000028F4       .1
 0002:00002678       .1
 0002:00002668       .1
 0002:00002A70       .11
 0002:00002890       .12
 0002:00002A7C       .12
 0002:000028EC       .2
 0002:00005814       .2
 0002:000057E8       .2
 0002:00005820       .2
 0002:00005824       .2
 0002:0000581C       .2
 0002:00005828       .2
 0002:000057CC       .2
 0002:00005818       .2
 0002:00002A88       .2
 0002:000057DC       .2
 0002:00005808       .2
 0002:0000589C       .2
 0002:00002938       .2
 0002:00002AFC       .2
 0002:00005830       .2
 0002:00005800       .2
 0002:000028F0       .21
 0002:00002944       .3
 0002:00002844       .3
 0002:00002674       .3
 0002:00002940       .3
 0002:00002BA4       .3
 0002:00002AC4       .3
 0002:00005838       .3
 0002:0000278C       .35
 0002:00002AE4       .36
 0002:00002A94       .4
 0002:00002A50       .4
 0002:00002BC8       .41
 0002:00002B04       .42
 0002:00002854       .45
 0002:000027F8       .5
 0002:00002ACC       .5
 0002:000057D0       .5
 0002:000025B8       .5
 0002:0000297C       .6
 0002:000057C4       .6
 0002:00002840       .6
 0002:00002B28       .72
 0002:00002AD4       .72
 0002:00002B08       .73
 0002:000057B8       .8
 0002:00002AE0       .8
 0002:00002BA0       .8
 0002:00002AC8       .8
 0002:0000281C       .81
 0001:00001B60       @AbstractError
 0001:00002D8C       @AfterConstruction
 0001:00001BEC       @Append
 0001:00002B80       @AsClass
 0001:00003760       @Assert
 0001:00001E50       @Assign
 0001:00002010       @AStrCmp
 0001:00002D9C       @BeforeDestruction
 0001:00002910       @BoundErr
 0001:00002BCC       @CallDynaInst
 0001:00002D34       @ClassCreate
 0001:00002D84       @ClassDestroy
 0001:00001F18       @Close
 0001:000018BC       @Copy
 0001:0000445C       @CopyArray
 0001:00004340       @CopyRecord
 0001:00004574       @DispCallByIDError
 0001:0000E61C       @DispInvokeError
 0001:00004564       @Dispose
 0001:00003218       @DoneExcept
 0001:000049D4       @DynArrayAsg
 0001:00004998       @DynArrayClear
 0001:000047D8       @DynArrayHigh
 0001:000047D0       @DynArrayLength
 0001:0000498C       @DynArraySetLength
 0001:00002080       @EofText
 0001:00003300       @ExceptionHandler
 0001:000020B8       @FillChar
 0001:0000431C       @Finalize
 0001:00004230       @FinalizeArray
 0001:000041E4       @FinalizeRecord
 0001:00002BE4       @FindDynaInst
 0001:00001F0C       @Flush
 0001:00002904       @FpuInit
 0001:00002840       @FpuMaskInit
 0001:00001744       @FreeMem
 0001:00001724       @GetMem
 0001:00005774       @GetTls
 0001:00003748       @Halt
 0001:00003670       @Halt0
 0001:00002EB0       @HandleAnyException
 0001:00003164       @HandleFinally
 0001:00002FDC       @HandleOnException
 0001:000057C0       @InitExe
 0001:000041D8       @Initialize
 0001:00004144       @InitializeArray
 0001:00004114       @InitializeRecord
 0001:00003534       @InitImports
 0001:0000350C       @InitResStringImports
 0001:000034E8       @InitResStrings
 0001:000050B8       @IntfAddRef
 0001:00005088       @IntfCast
 0001:00005044       @IntfClear
 0001:0000505C       @IntfCopy
 0001:00002B5C       @IsClass
 0001:00002810       @isNECWindows
 0001:00003C30       @LStrAddRef
 0001:000037A4       @LStrArrayClr
 0001:000037D4       @LStrAsg
 0001:00003A48       @LStrCat
 0001:00003A8C       @LStrCat3
 0001:00003B00       @LStrCatN
 0001:00003780       @LStrClr
 0001:00003B8C       @LStrCmp
 0001:00003CA0       @LStrCopy
 0001:00003CE0       @LStrDelete
 0001:000039F0       @LStrFromArray
 0001:00003968       @LStrFromChar
 0001:00003978       @LStrFromPChar
 0001:00003870       @LStrFromPCharLen
 0001:000039A8       @LStrFromPWChar
 0001:000038DC       @LStrFromPWCharLen
 0001:000039E4       @LStrFromString
 0001:00003A08       @LStrFromWStr
 0001:00003D28       @LStrInsert
 0001:00003818       @LStrLAsg
 0001:00003A40       @LStrLen
 0001:00003D84       @LStrPos
 0001:00003DCC       @LStrSetLength
 0001:00003C40       @LStrToPChar
 0001:00003A1C       @LStrToString
 0001:00004550       @New
 0001:00003844       @NewAnsiString
 0001:00003E60       @NewWideString
 0001:00002524       @Pow10
 0001:00001F8C       @PStrCmp
 0001:00001F70       @PStrNCpy
 0001:000031C4       @RaiseAgain
 0001:0000319C       @RaiseExcept
 0001:00002114       @ReadChar
 0001:00002278       @ReadLn
 0001:0000220C       @ReadLString
 0001:00002200       @ReadString
 0001:00001764       @ReallocMem
 0001:00001BD4       @ResetText
 0001:00001BE0       @RewritText
 0001:00001B30       @ROUND
 0001:00003754       @RunError
 0001:00002508       @SetEq
 0001:000034A8       @StartExe
 0001:00000304       @strlen
 0001:00001B3C       @TRUNC
 0001:00003248       @TryFinallyExit
 0001:00003C98       @UniqueStringA
 0001:000045A0       @ValInt64
 0001:000022A8       @ValLong
 0001:000136C8       @VarAddRef
 0001:0000EEFC       @VarCast
 0001:0000E908       @VarClear
 0001:00004218       @VarClr
 0001:0000E91C       @VarClr
 0001:00013FC4       @VarCmpEQ
 0001:0000EC30       @VarCopy
 0001:00004328       @VarCopy
 0001:00012C68       @VarFromBool
 0001:00012AF4       @VarFromByte
 0001:00012CB8       @VarFromCurr
 0001:00012C10       @VarFromCurrency
 0001:00012C3C       @VarFromDate
 0001:00012D5C       @VarFromDisp
 0001:00012BE4       @VarFromDouble
 0001:00012A98       @VarFromInt
 0001:00012B94       @VarFromInt64
 0001:00012AD4       @VarFromInteger
 0001:00012D30       @VarFromIntf
 0001:00012B34       @VarFromLongWord
 0001:00012CCC       @VarFromLStr
 0001:00012C90       @VarFromReal
 0001:00012B54       @VarFromShortInt
 0001:00012BC0       @VarFromSingle
 0001:00012B74       @VarFromSmallInt
 0001:00012CA4       @VarFromTDateTime
 0001:00012B14       @VarFromWord
 0001:00012CF8       @VarFromWStr
 0001:0000E670       @VarNull
 0001:000106C8       @VarToBool
 0001:00010380       @VarToBoolean
 0001:0000F7C0       @VarToByte
 0001:0001156C       @VarToCurrency
 0001:00011004       @VarToDate
 0001:000129EC       @VarToDisp
 0001:00010894       @VarToDouble
 0001:0000FD84       @VarToInt64
 0001:0000F2C0       @VarToInteger
 0001:00012920       @VarToIntf
 0001:0000FA38       @VarToLongWord
 0001:00011C20       @VarToLStr
 0001:00010C10       @VarToReal
 0001:0000F710       @VarToShortInt
 0001:00010C2C       @VarToSingle
 0001:0000F868       @VarToSmallInt
 0001:0000F960       @VarToWord
 0001:00012348       @VarToWStr
 0001:00003E30       @Write0LString
 0001:000023C0       @WriteBytes
 0001:00002490       @WriteLn
 0001:00003E38       @WriteLString
 0001:00002414       @WriteSpaces
 0001:00003EA0       @WStrArrayClr
 0001:00003EC4       @WStrAsg
 0001:00003E88       @WStrClr
 0001:00004000       @WStrCmp
 0001:00004084       @WStrCopy
 0001:00003FD4       @WStrFromLStr
 0001:00003EE8       @WStrFromPCharLen
 0001:00003F98       @WStrFromPWChar
 0001:00003F74       @WStrFromPWCharLen
 0001:00003FF4       @WStrLen
 0001:000040D0       @WStrSetLength
 0001:00003FE4       @WStrToPWChar
 0001:000024E4       @_CLenToPasStr
 0001:000024D8       @_CToPasStr
 0001:0000188C       @_IOTest
 0001:0000457C       @_llmul
 0001:00056278       AbsMin
 0001:0000B568       AbstractErrorHandler
 0002:00002028       AbstractErrorProc
 0002:00000144       AccessMode
 0001:000017F4       AcquireExceptionObject
 0001:0001768C       ActivateClassGroup
 0001:00005EB4       ActivateKeyboardLayout
 0002:00002B5C       ActiveDrag
 0001:00015020       ActiveX
 0001:00065744       ActnList
 0001:0007A698       ActualFileName
 0001:00000430       AddBlockAfter
 0002:00000460       AddDataModule
 0001:00007600       AddExitProc
 0001:0001B220       AddFinished
 0001:00068F40       AddIn
 0001:00004EE8       AddModuleUnloadProc
 0001:00004ED8       AddModuleUnloadProc
 0001:0001B258       AddNotFinished
 0001:0001BC7C       AddSubComponentsToLoaded
 0001:0002552C       AdjustColor
 0001:00031300       AdjustColors
 0001:0006FFE0       Adjustment
 0001:00005EBC       AdjustWindowRectEx
 0002:00000D00       Alignments
 0002:00000FA4       Alignments
 0002:000008B8       Alignments
 0002:00000F94       Alignments
 0002:00000C5C       Alignments
 0002:00000D10       Alignments
 0002:00000ACC       AlignStyles
 0001:00076ED8       AlignWork
 0001:0005B9F8       AlignWork
 0001:000214FC       AllocateHWnd
 0001:0002E9EC       AllocFilterStr
 0001:000075B4       AllocMem
 0002:000025B0       AllocMemCount
 0002:000025B4       AllocMemSize
 0001:0002A6D8       AllocPatternBitmap
 0001:0000571C       AllocTlsBuffer
 0001:0001EA04       AncestorIsValid
 0002:00000D80       AnchorAlign
 0002:00000D74       AnimateWindowProc
 0002:00000E7C       AnimationStyle
 0001:000077AC       AnsiCompareStr
 0001:000077E4       AnsiCompareText
 0001:00007EA8       AnsiLastChar
 0001:00005EC4       AnsiLower
 0001:00007778       AnsiLowerCase
 0001:0000BF18       AnsiLowerCaseFileName
 0001:0000BEE0       AnsiPos
 0001:0006D7C8       AnsiSameCaption
 0001:0000781C       AnsiSameText
 0001:00007834       AnsiStrLIComp
 0001:0000BFA4       AnsiStrPos
 0001:0000C044       AnsiStrRScan
 0001:0000C06C       AnsiStrScan
 0001:000054B8       AnsiToUtf8
 0001:000128A8       AnyToIntf
 0001:000094F8       AppendChars
 0001:000098BC       AppendFormat
 0001:0000955C       AppendNumber
 0001:0000953C       AppendString
 0002:00002BC0       Application
 0002:00000470       ApplicationHandleException
 0002:00000478       ApplicationShowException
 0002:000010D0       AppVisible
 0002:00000B40       Arrangements
 0001:0000B54C       AssertErrorHandler
 0002:00002020       AssertErrorProc
 0001:00014698       AssignLongStr
 0001:00014D14       AssignVariant
 0001:00089D40       ATxClipboard
 0002:00000B48       AutoArrange
 0002:00002608       avail
 0001:00008100       BackfillGetDiskFreeSpaceEx
 0001:00058E0C       BackgroundClipped
 0001:0000D4D0       BackupVarBoolFromStr
 0001:0000D630       BackupVarBStrFromBool
 0001:0000D550       BackupVarBStrFromCy
 0001:0000D5C0       BackupVarBStrFromDate
 0001:0000D464       BackupVarCyFromStr
 0001:0000D3F8       BackupVarDateFromStr
 0001:0000D2B4       BackupVarI4FromStr
 0001:0000D260       BackupVariantChangeTypeEx
 0001:0000D320       BackupVarR4FromStr
 0001:0000D38C       BackupVarR8FromStr
 0002:00000334       BaseTypeMap
 0001:00017A60       BeginGlobalLoading
 0001:00005ECC       BeginPaint
 0001:00025538       BetterSize
 0001:00069DD4       BiDiDraw
 0001:00005C94       BitBlt
 0002:00000A3C       BitBtnCaptions
 0002:00002A98       BitBtnGlyphs
 0002:0000077C       BitmapCanvasList
 0002:000028A8       BitmapImageLock
 0001:0000D29C       BiUnimplemented
 0002:00000498       BlockCode
 0002:000025E0       blockDescBlockList
 0002:000025E4       blockDescFreeList
 0002:00000454       BooleanIdents
 0002:00000330       BooleanToStringRule
 0001:00007C8C       BoolToStr
 0001:000119A8       BoolToWStrViaOS
 0002:00000B20       BorderStyles
 0002:000008B0       BorderStyles
 0002:00000C54       BorderStyles
 0001:00005878       Bounds
 0001:00016988       Bounds
 0002:00000F3C       Breaks
 0002:000028E0       BrushManager
 0001:0006C5A8       BuildImage
 0002:00000884       ButtonCaptions
 0002:00000A6C       ButtonCount
 0001:00084D58       ButtonIndex
 0002:00000858       ButtonNames
 0001:00034314       Buttons
 0002:00000FB8       Buttons
 0002:00000CF8       ButtonStyles
 0001:00024D04       BytesPerScanline
 0001:00025068       ByteSwapColors
 0001:0000BC1C       ByteToCharIndex
 0001:0000BBF4       ByteToCharLen
 0001:0000BBB8       ByteType
 0001:0000BB40       ByteTypeTest
 0002:00002BA8       CachedComCtrlVer
 0001:00021438       CalcJmpOffset
 0001:0006371C       CalcSplitterPos
 0001:00005ED4       CallNextHookEx
 0001:0000C738       CallTerminateProcs
 0001:00005EDC       CallWindowProc
 0001:000572B0       CancelDrag
 0002:00002B70       CanvasList
 0002:000028E4       CanvasList
 0002:00000844       Captions
 0002:00000E38       CaptureControl
 0002:00000F24       cBooleanToItemAutoFlag
 0002:00000364       CBooleanToRelationship
 0002:0000116C       cColumnDefWidth
 0002:00001150       cColumnString
 0001:00005894       CenterPoint
 0001:0002E2FC       CenterWindow
 0002:00002A86       CF_COMPONENT
 0002:00002A84       CF_PICTURE
 0002:00002814       ChangeAnyProc
 0001:000557DC       ChangeBiDiModeAlignment
 0001:00007F28       ChangeFileExt
 0002:00000CAC       CharCases
 0002:00000C7C       CharCases
 0001:000038A0       CharFromWChar
 0001:0000BDF0       CharLength
 0001:00005EE4       CharLowerBuff
 0001:00005EEC       CharNext
 0001:0000027C       CharNext
 0001:00023508       CharsetToIdent
 0001:0000BD04       CharToByteIndex
 0001:0000BD68       CharToByteLen
 0001:00005EF4       CharToOemA
 0001:00025B1C       CheckBool
 0001:0008D174       CheckCommandLine
 0001:0003B64C       CheckCommonControl
 0001:00002E2C       CheckJmp
 0001:00005EFC       CheckMenuItem
 0002:00000F2C       Checks
 0001:0001BCB8       CheckSubComponents
 0001:00020210       CheckSynchronize
 0001:0006FA00       CheckTaskWindow
 0001:00012D88       CheckType
 0001:00056F64       CheckUndock
 0001:0000BA34       CheckWin32Version
 0001:00005F04       ChildWindowFromPoint
 0002:0000034C       CInvalidCustomVariantType
 0002:00000F28       cItemAutoFlagToBoolean
 0002:00000F20       cItemAutoFlagToMenu
 0001:00021688       Classes
 0001:00017450       ClassNotFound
 0002:00002810       ClearAnyProc
 0001:00022D88       ClearColor
 0001:0007ED74       ClearLog
 0001:00013B78       ClearVariantTypeList
 0002:00001108       cLibSections
 0002:000010F4       cLibTypeNames
 0001:00005F0C       ClientToScreen
 0001:00060CC0       ClientToWindow
 0002:00000774       ClipboardFormats
 0001:00031B78       Clipbrd
 0002:00001188       clLoaded
 0001:00005F14       CloseClipboard
 0001:0000021C       CloseHandle
 0001:000059F4       CloseHandle
 0002:00002984       CloseThemeData
 0002:000007CC       CLSID_AutoComplete
 0002:0000203C       CmdLine
 0002:00002038       CmdShow
 0002:00000F1C       cMenuAutoFlagToItem
 0002:00000370       CmpTypeMap
 0001:0000D2A8       CmpUnimplemented
 0002:00001138       cMsgOK
 0001:00014FE0       CoCreateInstance
 0002:00000B9C       Codes
 0002:00000B10       Codes
 0002:00002AF8       CoInitExProcLoaded
 0001:00014FD0       CoInitialize
 0002:00002AF4       CoInitializeExProc
 0001:00017D1C       CollectionsEqual
 0002:000004F4       Colors
 0001:00023300       ColorToIdent
 0002:000008C4       ColorToPretyName
 0001:000232F0       ColorToRGB
 0002:00000B70       ColumnClicks
 0002:00000BCC       ComboBoxExStyles
 0002:00000C98       ComboBoxStyles
 0002:00000BD8       ComboExStyles
 0002:000028F8       ComCtl32DLL
 0002:00002AF0       ComCtlVersion
 0001:000461C0       ComCtrls
 0002:00002BBC       CommandPool
 0001:0002B1F8       CommCtrl
 0001:0002DB1C       CommDlg
 0001:00000710       Commit
 0002:00002624       committedRoot
 0001:00068524       CompareFront
 0001:000076E0       CompareMem
 0001:000076B0       CompareStr
 0001:000059FC       CompareString
 0001:00007700       CompareText
 0001:00007BB4       CompareWith
 0001:0001BD98       ComponentCreated
 0001:000258DC       ComputeAldusChecksum
 0001:00031B34       ComStrs
 0001:00021A14       Consts
 0001:0002ABD8       Contnrs
 0002:00002B2E       ControlAtom
 0002:00002B34       ControlAtomString
 0001:000747A8       ControlHasHelp
 0001:000643B8       Controls
 0001:0000AFA8       ConvertAddr
 0001:0000964C       ConvertEraString
 0001:00007578       ConvertError
 0001:00007590       ConvertErrorFmt
 0001:00042190       ConvertFlags
 0001:00041FFC       ConvertMask
 0001:000421B4       ConvertStates
 0001:000097B4       ConvertYearString
 0001:000047E0       CopyArray
 0001:00027CB8       CopyBitmap
 0001:00028380       CopyBitmapAsMask
 0001:00005C9C       CopyEnhMetaFile
 0001:00034114       CopyImage
 0001:0008A1D8       CopyListToClip
 0001:0000640C       CopyMemory
 0001:0002831C       CopyPalette
 0002:00000BF0       Copyright
 0001:0006B654       CopyToBest
 0001:00014FE8       CoTaskMemAlloc
 0001:00014FD8       CoUninitialize
 0001:0000BC74       CountChars
 0002:000028C0       CounterLock
 0002:00000350       CRangeToType
 0001:0000B490       CreateAssertException
 0001:0000B618       CreateAVObject
 0001:00005CA4       CreateBitmap
 0001:00005CAC       CreateBrushIndirect
 0001:00005CB4       CreateCompatibleBitmap
 0001:00005CBC       CreateCompatibleDC
 0001:0001BE18       CreateComponent
 0001:00005CCC       CreateDIBitmap
 0001:00005CC4       CreateDIBSection
 0001:00005A04       CreateDirectory
 0001:00005A0C       CreateEvent
 0001:00005A14       CreateFile
 0001:00000224       CreateFileA
 0001:00005CD4       CreateFontIndirect
 0001:00005CDC       CreateHalftonePalette
 0001:00005F1C       CreateIcon
 0001:0000B3BC       CreateInOutError
 0001:00005F24       CreateMenu
 0001:00005CE4       CreatePalette
 0001:00005CEC       CreatePenIndirect
 0001:00005F2C       CreatePopupMenu
 0001:00005A1C       CreateProcess
 0001:0007C344       CreateRegKey
 0001:00005CF4       CreateSolidBrush
 0001:000250C0       CreateSystemPalette
 0001:00005A24       CreateThread
 0001:00006500       CreateWindow
 0001:000064A8       CreateWindowEx
 0002:000007E0       CreationControl
 0002:00000D78       CreationControl
 0002:00000440       CRelationshipToBoolean
 0002:00000314       CResult
 0002:00001140       cShowCmd
 0002:00000D64       CSHREDRAW
 0002:0000013C       cSimpleBoolStrs
 0002:000003EC       CText
 0002:00000CF0       Ctl3DStyles
 0002:00000E74       Ctl3DStyles
 0002:0000261C       curAlloc
 0001:0001301C       CurrCompare
 0002:00002684       CurrencyDecimals
 0002:00002680       CurrencyFormat
 0002:0000267C       CurrencyString
 0001:000094E4       CurrentYear
 0001:00008FAC       CurrToStr
 0001:00011938       CurrToWStrViaOS
 0002:00001054       CursorMap
 0002:00000D88       Cursors
 0001:00055AFC       CursorToIdent
 0002:00001044       cUseAlpha
 0002:0000104C       cUseColorKey
 0001:00007908       CvtInt
 0001:00007974       CvtInt64
 0002:0000017C       CWNear
 0002:00000D6C       Data
 0001:00009484       Date
 0001:00012FF4       DateCompare
 0002:00002685       DateSeparator
 0001:0000A0FC       DateTimeToStr
 0001:0000A070       DateTimeToString
 0001:0000906C       DateTimeToTimeStamp
 0001:0000A0CC       DateToStr
 0001:00011970       DateToWStrViaOS
 0001:0000945C       DayOfWeek
 0002:00000178       DCon10
 0002:000004F0       DDBsOnly
 0001:000215B0       DeallocateHWnd
 0002:00000028       DebugHook
 0002:00002683       DecimalSeparator
 0001:0000943C       DecodeDate
 0001:000092F0       DecodeDateFully
 0001:00009160       DecodeTime
 0001:000007A4       Decommit
 0001:00000DC0       DecommitFree
 0002:000025F8       decommittedRoot
 0001:00077B00       Default
 0001:00072430       Default
 0002:00000020       Default8087CW
 0002:00000D7C       DefaultDockTreeClass
 0001:00040A5C       DefaultListViewSort
 0002:00000034       DefaultTextLineBreakStyle
 0002:000025BC       DefaultUserCodePage
 0002:00000744       DefBrushData
 0002:000004C4       DefFontData
 0001:00005F34       DefFrameProc
 0002:00000208       DefLongDayNames
 0002:000001BC       DefLongMonthNames
 0001:00005F3C       DefMDIChildProc
 0002:00000724       DefPenData
 0002:000001EC       DefShortDayNames
 0002:0000018C       DefShortMonthNames
 0001:00005F44       DefWindowProc
 0001:00004A2C       DelayLoadResourceModule
 0001:00000460       DeleteBlock
 0001:00005A2C       DeleteCriticalSection
 0001:000003D0       DeleteCriticalSection
 0001:00005CFC       DeleteDC
 0001:00005D04       DeleteEnhMetaFile
 0001:00007E90       DeleteFile
 0001:00005A34       DeleteFile
 0001:00000C08       DeleteFree
 0001:00005F4C       DeleteMenu
 0001:00005D0C       DeleteObject
 0001:0004EE50       DeleteSelectedText
 0001:00079E88       DelIniKey
 0001:0007A8DC       DelTcIniKey
 0001:00027874       DeselectBitmap
 0001:00005F54       DestroyCursor
 0001:00005F5C       DestroyIcon
 0001:00034244       DestroyLocals
 0001:00005F64       DestroyMenu
 0001:00005F6C       DestroyWindow
 0001:00052D68       DialogEnumerationTester
 0001:0002E3B0       DialogHook
 0001:0002F654       Dialogs
 0002:00000780       DIBPalSizes
 0002:00000090       dig
 0002:00000B88       Directions
 0001:00007E6C       DirectoryExists
 0001:000821B0       DirectoryExists
 0001:0006F854       DisableTaskWindows
 0001:00005F74       DispatchMessage
 0001:00075A88       DispatchShortCut
 0002:00002000       DispCallByIDProc
 0001:0000755C       DivMod
 0001:0002DB54       Dlgs
 0001:00076D8C       DoAlign
 0001:0005B888       DoAlign
 0001:0005F980       DoCalcConstraints
 0002:00002B64       DockSiteList
 0001:0006C274       DoClick
 0001:0005CFCC       DoControlMsg
 0001:0006F804       DoDisableWindow
 0001:00056890       DoDragOver
 0001:000075D4       DoExitProc
 0001:000619F0       DoFindControlZone
 0001:0006F940       DoFindWindow
 0001:00061F7C       DoFindZone
 0001:00061A74       DoForEach
 0001:00063380       DoGetNextLimit
 0001:0006F7CC       DoneApplication
 0001:000640E0       DoneControls
 0001:0000B944       DoneExceptions
 0001:00073E04       DoNestedActivation
 0001:000201D0       DoneThreadSynchronization
 0001:00076BDC       DoPosition
 0001:0005B448       DoPosition
 0001:000629A8       DoPrune
 0001:000307C0       DoRect
 0001:00062E80       DoSaveZone
 0001:00063084       DoSetNewBounds
 0002:0000045C       DotSep
 0002:00000A70       DownStyles
 0001:00025D74       DoWrite
 0001:00019288       DoWrite
 0001:00026990       DoWrite
 0001:00066B84       DoWrite
 0001:0005C5B4       DoWriteDesignSize
 0001:00059F0C       DoWriteIsControl
 0002:00002B48       DragCapture
 0002:00002B3C       DragControl
 0001:00056FD8       DragDone
 0001:00056840       DragFindTarget
 0001:00056814       DragFindWindow
 0002:00002B60       DragImageList
 0001:00056C30       DragInit
 0001:00056DA0       DragInitControl
 0002:00002B44       DragInternalObject
 0001:0005675C       DragMessage
 0002:00002B40       DragObject
 0002:00002B6C       DragSave
 0002:00002B54       DragSaveCursor
 0002:00002B4C       DragStartPos
 0002:00002B58       DragThreshold
 0001:00056960       DragTo
 0001:00077B3C       DrawAppIcon
 0001:00062514       DrawCloseButton
 0001:00005F7C       DrawEdge
 0001:00005F84       DrawFocusRect
 0001:00005F8C       DrawFrameControl
 0001:0006256C       DrawGrabberLine
 0001:00005F94       DrawIcon
 0001:00005F9C       DrawIconEx
 0002:00000EB0       DrawingStyles
 0001:00005FA4       DrawMenuBar
 0001:0006D5E4       DrawMenuItem
 0001:00005FAC       DrawText
 0002:00002988       DrawThemeBackground
 0002:000029AC       DrawThemeEdge
 0002:000029B0       DrawThemeIcon
 0002:00002A34       DrawThemeParentBackground
 0002:0000298C       DrawThemeText
 0001:00024B84       DupBits
 0001:000047F8       DynArrayClear
 0001:00004800       DynArraySetLength
 0002:00000F9C       EdgeStyle
 0002:00000E64       EdgeStyles
 0002:00000CE0       EdgeStyles
 0002:00000B28       EditStyles
 0001:0000B390       EHeapException.FreeInstance
 0001:00005FB4       EmptyClipboard
 0001:00012E80       EmptyCompare
 0002:000027FC       EmptyParam
 0002:000000C0       EmptyStr
 0002:000000C4       EmptyWideStr
 0001:00005FBC       EnableMenuItem
 0002:00000F34       Enables
 0001:00005FC4       EnableScrollBar
 0001:0006F908       EnableTaskWindows
 0002:00002A1C       EnableThemeDialogTexture
 0002:00002A38       EnableTheming
 0001:00005FCC       EnableWindow
 0001:000092C0       EncodeDate
 0001:00009120       EncodeTime
 0001:00017AE8       EndGlobalLoading
 0001:00005FD4       EndPaint
 0001:00005A3C       EnterCriticalSection
 0001:000003C0       EnterCriticalSection
 0001:00005A44       EnumCalendarInfoA
 0002:0000291C       EnumDisplayMonitors
 0001:0000AC1C       EnumEraNames
 0001:0000AC58       EnumEraYearOffsets
 0001:000729F4       EnumMonitorsProc
 0001:00005FDC       EnumThreadWindows
 0001:0001B5C8       EnumValue
 0001:00005FE4       EnumWindows
 0001:00005FEC       EqualRect
 0002:0000274C       EraNames
 0001:0000A374       EraToYear
 0002:00002768       EraYearOffsets
 0002:00000068       errCaption
 0001:0001ADAC       Error
 0001:00016FF4       Error
 0001:00068274       Error
 0001:00001880       Error
 0002:00000004       ErrorAddr
 0001:00001834       ErrorAt
 0001:0000B43C       ErrorHandler
 0002:00000224       ErrorMap
 0002:00002008       ErrorProc
 0002:000023E4       ErrOutput
 0001:000017D4       ExceptAddr
 0002:0000200C       ExceptClsProc
 0001:0000B8B0       ExceptHandler
 0001:0000B204       Exception.Create
 0001:0000B240       Exception.CreateFmt
 0001:0000B2C0       Exception.CreateRes
 0001:0000B2FC       Exception.CreateResFmt
 0002:0000201C       ExceptionClass
 0001:0000AFB4       ExceptionErrorMessage
 0002:0000025C       ExceptMap
 0001:000017B4       ExceptObject
 0002:00002010       ExceptObjProc
 0002:00002004       ExceptProc
 0001:00005D14       ExcludeClipRect
 0001:00082578       Exec
 0001:000824D4       ExecShell
 0002:00000000       ExitCode
 0001:000035B4       ExitDll
 0002:00002044       ExitProc
 0001:00000284       ExitProcess
 0002:00002024       ExitProcessProc
 0002:00000138       ExitProcList
 0001:00005A4C       ExpandEnvironmentStrings
 0001:000080C4       ExpandFileName
 0001:0002E688       ExplorerHook
 0001:00034500       ExtActns
 0001:00031A84       ExtCtrls
 0001:0003436C       ExtDlgs
 0002:00000D44       ExtendSelects
 0001:00007FF0       ExtractFileDir
 0001:0000807C       ExtractFileExt
 0001:0002ED00       ExtractFileName
 0001:00008044       ExtractFileName
 0001:0002ED48       ExtractFileNames
 0001:00007FBC       ExtractFilePath
 0001:00005D1C       ExtTextOut
 0002:00002788       FalseBoolStrs
 0002:00002A8C       FClipboard
 0002:0000016C       FCon1E18
 0001:0007AFB8       FCreateDirs
 0001:0007ACA4       FDeleteDir
 0001:0007AE8C       FExecProcess
 0001:0007AF2C       FExecShell
 0001:00007DF4       FileAge
 0001:00007DEC       FileClose
 0001:00007D54       FileCreate
 0001:00007D30       FileCreate
 0001:000821E8       FileCtrl
 0001:00007E5C       FileExists
 0002:00000778       FileFormats
 0002:00000008       FileMode
 0001:00001C34       FileNOPProc
 0001:00007CD8       FileOpen
 0001:00007D5C       FileRead
 0002:00000488       FilerSignature
 0001:00007DB4       FileSeek
 0001:00005A54       FileTimeToDosDateTime
 0001:00005A5C       FileTimeToLocalFileTime
 0001:0007C120       FileVersionInfo
 0001:00007D88       FileWrite
 0001:00000CF0       FillAfterGap
 0001:00000C9C       FillBeforeGap
 0001:00000D88       FillerSizeAfterGap
 0001:00000D18       FillerSizeBeforeGap
 0001:00005FF4       FillRect
 0002:00000A78       FillStyles
 0001:0008245C       Finalization
 0001:00082B58       Finalization
 0001:0007A660       Finalization
 0001:0007C30C       Finalization
 0001:0002D844       Finalization
 0001:000141E8       Finalization
 0001:000832B0       Finalization
 0001:0007A9A4       Finalization
 0001:00013FD4       Finalization
 0001:0008371C       Finalization
 0001:0007C4C0       Finalization
 0001:0002F5F8       Finalization
 0001:000672D4       Finalization
 0001:00094890       Finalization
 0001:000219E4       Finalization
 0001:00046148       Finalization
 0001:0002C9B8       Finalization
 0001:00080038       Finalization
 0001:000058C0       Finalization
 0001:00031A3C       Finalization
 0001:0000D9FC       Finalization
 0001:00046F0C       Finalization
 0001:00031B04       Finalization
 0001:00083E84       Finalization
 0001:0002C970       Finalization
 0001:00031B3C       Finalization
 0001:0002D8B4       Finalization
 0001:00031BD0       Finalization
 0001:0002D8EC       Finalization
 0001:00014F78       Finalization
 0001:0007C4F8       Finalization
 0001:0002D93C       Finalization
 0001:00081A7C       Finalization
 0001:000215D8       Finalization
 0001:0002D974       Finalization
 0001:00005804       Finalization
 0001:0000D208       Finalization
 0001:0007BE00       Finalization
 0001:00084704       Finalization
 0001:00084C34       Finalization
 0001:0008A424       Finalization
 0001:000342DC       Finalization
 0001:0006D8C4       Finalization
 0001:000821B8       Finalization
 0001:0002B988       Finalization
 0001:0002D9AC       Finalization
 0001:0000D008       Finalization
 0001:0007B26C       Finalization
 0001:00014FF0       Finalization
 0001:000055D4       Finalization
 0001:0007B780       Finalization
 0001:0003433C       Finalization
 0001:0002DB24       Finalization
 0001:0002D9E4       Finalization
 0001:00006978       Finalization
 0001:0002DAA4       Finalization
 0001:00006650       Finalization
 0001:0003438C       Finalization
 0001:0009492C       Finalization
 0001:0002A710       Finalization
 0001:00081F68       Finalization
 0001:0002A8F0       Finalization
 0001:0002B948       Finalization
 0001:0002ABA8       Finalization
 0001:00089D10       Finalization
 0001:000343F4       Finalization
 0001:00094964       Finalization
 0001:00085354       Finalization
 0001:0002B1C8       Finalization
 0001:00034458       Finalization
 0001:00065714       Finalization
 0001:000865EC       Finalization
 0001:000344B0       Finalization
 0001:00089AD8       Finalization
 0001:00052FE0       Finalization
 0001:00086B44       Finalization
 0001:00087FFC       Finalization
 0001:00036114       Finalization
 0001:0007C530       Finalization
 0001:0002CEC0       Finalization
 0001:00088380       Finalization
 0001:00064350       Finalization
 0001:00079DE8       Finalization
 0001:0002DAEC       Finalization
 0001:00089590       Finalization
 0001:0002C9F0       Finalization
 0001:0005235C       Finalization
 0001:0007A178       Finalization
 0001:000521F4       Finalization
 0001:0002CD14       Finalization
 0001:000047F0       FinalizeArray
 0001:000033E8       FinalizeUnits
 0001:0006C034       Find
 0001:0001E0FC       FindAncestor
 0001:00004A9C       FindBS
 0001:00017510       FindClass
 0001:00004A24       FindClassHInstance
 0001:00000294       FindClose
 0001:00005A64       FindClose
 0001:00000C6C       FindCommitted
 0001:000558DC       FindControl
 0001:000621A8       FindControlAtPos
 0001:00013ED4       FindCustomVariantType
 0001:00013E1C       FindCustomVariantType
 0001:000572FC       FindDragTarget
 0001:0001BFC8       FindExistingComponent
 0001:00005A6C       FindFirstFile
 0001:0000029C       FindFirstFile
 0001:00017978       FindGlobalComponent
 0001:0006FA4C       FindGlobalComponent
 0002:00002860       FindGlobalComponentProcs
 0001:000049FC       FindHInstance
 0001:00017820       FindIdentToInt
 0001:000177A4       FindIntToIdent
 0002:00002A78       FindMsg
 0001:0001B158       FindNestedComponent
 0001:00005A74       FindNextFile
 0001:0008B180       FindPluginsInDir
 0001:0006823C       FindPopupControl
 0001:0000D6C4       FindProc
 0001:00005A7C       FindResource
 0001:00004A74       FindResourceHInstance
 0001:0007963C       FindScanline
 0001:00051DA8       FindString
 0001:0006F9A4       FindTopMostWindow
 0001:0001CEAC       FindUniqueName
 0001:000139C0       FindVarData
 0001:000572C8       FindVCLWindow
 0001:00005FFC       FindWindow
 0001:00052DC0       FindWinHelp
 0001:00027C6C       FixupBitFields
 0002:00000FAC       Flags
 0002:00002798       FLanguages
 0001:0002CD44       FlatSB
 0002:00002948       FlatSB_EnableScrollBar
 0002:00002954       FlatSB_GetScrollInfo
 0002:00002958       FlatSB_GetScrollPos
 0002:00002950       FlatSB_GetScrollRange
 0002:00002960       FlatSB_SetScrollInfo
 0002:0000295C       FlatSB_SetScrollPos
 0001:0002CA34       FlatSB_SetScrollProp
 0002:00002964       FlatSB_SetScrollRange
 0002:0000294C       FlatSB_ShowScrollBar
 0001:00008C3C       FloatToDecimal
 0001:00008F7C       FloatToStr
 0001:00008968       FloatToText
 0001:00001F00       Flush
 0001:0008B414       FMoveFolder
 0002:00000180       FMSecsPerDay
 0002:00002BF4       FMsgFile
 0002:00002BF8       FMsgFileEn
 0001:00008864       FmtStr
 0002:00000FC8       FocusCount
 0002:00000FC4       FocusMessages
 0002:00000694       FontCharsets
 0002:000028D8       FontManager
 0001:0007AE54       FOpenURL
 0002:000007DC       ForceCurrentDirectory
 0001:0006FA20       ForegroundTask
 0001:00008850       Format
 0002:00000188       Format
 0001:00008458       FormatBuf
 0001:0000844C       FormatClearStr
 0001:000083D0       FormatError
 0002:00000164       FormatErrorStrs
 0001:00005A84       FormatMessage
 0002:00001148       Formats
 0001:00008428       FormatVarToStr
 0002:000057C8       FormInstallProgress
 0002:00005834       FormMain
 0002:00005810       FormOptions
 0001:00079E44       Forms
 0001:0000251C       FPower10
 0002:000007C8       FPrinter
 0001:0007B29C       FProc
 0001:00030884       Frame3D
 0001:00006004       FrameRect
 0001:0000CBE8       FreeAndNil
 0001:000009D8       FreeCommitted
 0001:00000EF8       FreeCurAlloc
 0001:000573BC       FreeDeviceContext
 0001:00057478       FreeDeviceContexts
 0001:000213A4       FreeIntConstList
 0001:00005A8C       FreeLibrary
 0001:000002A4       FreeLibrary
 0001:0007ED94       FreeLog
 0001:000277C8       FreeMemoryContexts
 0001:0006FAE0       FreeObjectInstance
 0001:000214D8       FreeObjectInstance
 0001:00005A9C       FreeResource
 0001:00000658       FreeSpace
 0001:0000C754       FreeTerminateProcs
 0001:0002CEF8       FreeThemeLibrary
 0002:00002AEC       FRichEditModule
 0001:0007AAD0       FSearchDir
 0001:0007B210       FShowProperties
 0001:0007C528       fsplugin
 0001:0007B0F0       FTempDirectory
 0001:00082B98       FUnpack
 0001:00024B74       GDICheck
 0001:00024ACC       GDIError
 0001:00001B28       Get8087CW
 0001:00005AA4       GetACP
 0001:0000600C       GetActiveWindow
 0001:00077268       GetAnimation
 0001:0002F060       GetAveCharSize
 0001:00005D24       GetBitmapBits
 0001:000003D8       GetBlockDesc
 0001:00005D2C       GetBrushOrgEx
 0001:00006014       GetCapture
 0001:00055BF8       GetCaptureControl
 0001:000174BC       GetClass
 0001:0000601C       GetClassInfo
 0001:00006024       GetClassName
 0001:0000602C       GetClientRect
 0001:00006034       GetClipboardData
 0001:0002653C       GetClipboardFormats
 0001:00005D34       GetClipBox
 0001:00000374       GetCmdShow
 0001:0006596C       GetColor
 0001:0003B674       GetComCtlVersion
 0001:000002AC       GetCommandLine
 0001:00000824       GetCommitted
 0001:000008B4       GetCommittedAt
 0001:0001F4B4       GetComponentValue
 0001:0005CB80       GetControlAtPos
 0001:000095A8       GetCount
 0001:00005AAC       GetCPInfo
 0001:00005D3C       GetCurrentPositionEx
 0001:00005AB4       GetCurrentProcessId
 0002:00002A2C       GetCurrentThemeName
 0001:00005ABC       GetCurrentThreadId
 0001:00000364       GetCurrentThreadId
 0001:00006404       GetCurrentTime
 0001:0000603C       GetCursor
 0001:0007964C       GetCursorHeightMargin
 0001:00006044       GetCursorPos
 0001:000095D4       GetDate
 0001:00005AC4       GetDateFormat
 0001:0000A28C       GetDateOrder
 0001:0000604C       GetDC
 0001:00006054       GetDCEx
 0001:00005D44       GetDCOrgEx
 0001:0002A318       GetDefFontCharSet
 0001:00018828       GetDesigner
 0001:0000605C       GetDesktopWindow
 0001:00005D5C       GetDeviceCaps
 0001:00025B04       GetDIB
 0001:00005D4C       GetDIBColorTable
 0001:00005D54       GetDIBits
 0001:00025A4C       GetDIBSizes
 0001:00024CE4       GetDInColors
 0001:00005ACC       GetDiskFreeSpaceA
 0002:00000134       GetDiskFreeSpaceEx
 0001:00006064       GetDlgItem
 0001:00063460       GetDockAlign
 0001:000565A0       GetDockSiteAtPos
 0001:000568CC       GetDropCtl
 0001:00002B9C       GetDynaMethod
 0001:00005D64       GetEnhMetaFileBits
 0001:00005D6C       GetEnhMetaFileHeader
 0001:00005D74       GetEnhMetaFilePaletteEntries
 0001:00014258       GetEnumName
 0001:00014330       GetEnumNameValue
 0001:0001437C       GetEnumValue
 0001:0000ACD0       GetEraNamesAndYearOffsets
 0001:0000A320       GetEraYearOffset
 0001:0000B600       GetExceptionClass
 0001:0000B7E4       GetExceptionObject
 0001:00017444       GetFieldClassTable
 0001:00005AD4       GetFileAttributes
 0001:00082DB8       GetFileDiz
 0001:0002651C       GetFileFormats
 0001:00000234       GetFileSize
 0001:0000022C       GetFileType
 0001:0000BA54       GetFileVersion
 0001:00005C7C       GetFileVersionInfo
 0001:00005C84       GetFileVersionInfoSize
 0001:00014A04       GetFloatProp
 0001:0000606C       GetFocus
 0001:00023528       GetFontData
 0001:00006074       GetForegroundWindow
 0001:0000C30C       GetFormatSettings
 0001:00005ADC       GetFullPathName
 0001:00022A70       GetHashCode
 0001:000747E0       GetHelpInfo
 0001:0002BE08       GetHelpSystem
 0001:0007704C       GetHint
 0001:00077084       GetHintControl
 0001:0006D764       GetHotkey
 0001:0000607C       GetIconInfo
 0001:0007A060       GetIniKey
 0001:0007A0CC       GetIniKey
 0001:00079FCC       GetIniKey
 0001:0008AF7C       GetIniKeyExpand
 0001:0007A0FC       GetIniKeys
 0001:00014E20       GetInt64Prop
 0001:00014E84       GetInterfaceProp
 0001:00006094       GetKeyboardLayout
 0001:0000609C       GetKeyboardLayoutList
 0001:000060A4       GetKeyboardState
 0001:00002808       GetKeyboardType
 0001:00006084       GetKeyNameText
 0001:0000608C       GetKeyState
 0001:000060AC       GetLastActivePopup
 0001:00061728       GetLastChildZone
 0001:000002B4       GetLastError
 0001:00005AE4       GetLastError
 0001:000406B8       GetLength
 0001:0000AA94       GetLocaleChar
 0001:00005AF4       GetLocaleInfo
 0001:000002BC       GetLocaleInfo
 0001:0000AA48       GetLocaleStr
 0001:00005AEC       GetLocalTime
 0001:00055B60       GetLongHint
 0001:000146AC       GetLongStrProp
 0001:000060B4       GetMenu
 0001:00074768       GetMenuHelpContext
 0001:000060BC       GetMenuItemCount
 0001:000060C4       GetMenuItemID
 0001:000060CC       GetMenuItemInfo
 0001:0006A880       GetMenuSize
 0001:000060D4       GetMenuState
 0001:000060DC       GetMenuString
 0001:000060E4       GetMessagePos
 0001:00014DA8       GetMethodProp
 0001:000002C4       GetModuleFileName
 0001:00005AFC       GetModuleFileName
 0001:000002CC       GetModuleHandle
 0001:000056FC       GetModuleHandle
 0001:00005B04       GetModuleHandle
 0002:00002910       GetMonitorInfo
 0002:00002914       GetMonitorInfoA
 0002:00002918       GetMonitorInfoW
 0001:0000AAF8       GetMonthDayNames
 0001:000060EC       GetNextWindow
 0001:00005D7C       GetObject
 0001:0002DADC       GetOpenFileName
 0001:00084C6C       GetOption
 0001:000144D4       GetOrdProp
 0001:00005D84       GetPaletteEntries
 0001:00001960       GetParamStr
 0001:000060F4       GetParent
 0001:0006FC34       GetParentForm
 0001:00005D8C       GetPixel
 0001:00005B0C       GetPrivateProfileString
 0001:000002D4       GetProcAddress
 0001:00005B14       GetProcAddress
 0001:000060FC       GetProp
 0001:000143E0       GetPropInfo
 0001:00014450       GetPropInfos
 0001:000700F4       GetRealScrollPosition
 0001:0007C408       GetRegKeyStr
 0001:0006594C       GetRGBColor
 0001:0002DAE4       GetSaveFileName
 0001:00006104       GetScrollInfo
 0001:0000610C       GetScrollPos
 0001:00006114       GetScrollRange
 0001:00055B1C       GetShortHint
 0001:000145A4       GetShortStrProp
 0001:0001463C       GetShortStrPropAsLongStr
 0001:0000057C       GetSpace
 0001:000005E0       GetSpaceAt
 0001:000682CC       GetSpecialName
 0001:000002DC       GetStartupInfo
 0001:0000023C       GetStdHandle
 0001:00005B1C       GetStdHandle
 0001:00005D94       GetStockObject
 0001:00005B24       GetStringTypeEx
 0001:000147DC       GetStrProp
 0001:0000611C       GetSubMenu
 0001:00006124       GetSysColor
 0001:0000612C       GetSysColorBrush
 0001:00005B2C       GetSystemInfo
 0001:00006134       GetSystemMenu
 0001:0000613C       GetSystemMetrics
 0002:00002900       GetSystemMetrics
 0001:00005D9C       GetSystemPaletteEntries
 0001:0007A808       GetTcIniKey
 0001:0007A940       GetTcIniKeys
 0001:00005B34       GetTempPath
 0001:00005DAC       GetTextExtentPoint
 0001:00005DA4       GetTextExtentPoint32
 0001:00005DB4       GetTextMetrics
 0002:00002A24       GetThemeAppProperties
 0002:00002990       GetThemeBackgroundContentRect
 0002:00002994       GetThemeBackgroundExtent
 0002:000029A4       GetThemeBackgroundRegion
 0002:000029C8       GetThemeBool
 0002:000029BC       GetThemeColor
 0002:00002A30       GetThemeDocumentationProperty
 0002:000029D0       GetThemeEnumValue
 0002:000029F0       GetThemeFilename
 0002:000029D8       GetThemeFont
 0002:000029CC       GetThemeInt
 0002:000029E4       GetThemeIntList
 0002:000029E0       GetThemeMargins
 0002:000029C0       GetThemeMetric
 0002:00002998       GetThemePartSize
 0002:000029D4       GetThemePosition
 0002:000029E8       GetThemePropertyOrigin
 0002:000029DC       GetThemeRect
 0002:000029C4       GetThemeString
 0002:000029FC       GetThemeSysBool
 0002:000029F4       GetThemeSysColor
 0002:000029F8       GetThemeSysColorBrush
 0002:00002A04       GetThemeSysFont
 0002:00002A0C       GetThemeSysInt
 0002:00002A00       GetThemeSysSize
 0002:00002A08       GetThemeSysString
 0002:0000299C       GetThemeTextExtent
 0002:000029A0       GetThemeTextMetrics
 0001:000002E4       GetThreadLocale
 0001:00005B3C       GetThreadLocale
 0001:00005B44       GetTickCount
 0001:0000960C       GetTime
 0001:00005728       GetTlsSize
 0001:00077818       GetTopMostWindows
 0001:00055D00       GetTopParent
 0001:00006144       GetTopWindow
 0001:0001424C       GetTypeData
 0001:00013AE0       GetVarDataArrayInfo
 0001:00014D28       GetVariantProp
 0001:00005B4C       GetVersion
 0001:0000036C       GetVersion
 0001:00005B54       GetVersionEx
 0001:00014848       GetWideStrProp
 0001:0001472C       GetWideStrPropAsLongStr
 0001:0000614C       GetWindow
 0001:00006154       GetWindowDC
 0001:0000615C       GetWindowLong
 0001:00005DC4       GetWindowOrgEx
 0001:00006164       GetWindowPlacement
 0001:0000616C       GetWindowRect
 0001:00006174       GetWindowText
 0002:00002A18       GetWindowTheme
 0001:0000617C       GetWindowThreadProcessId
 0001:00006184       GetWindowThreadProcessId
 0001:00005DBC       GetWinMetaFileBits
 0001:00005B5C       GlobalAddAtom
 0001:00005B64       GlobalAlloc
 0001:00006418       GlobalAllocPtr
 0001:00005B6C       GlobalDeleteAtom
 0001:00005B74       GlobalFindAtom
 0002:00002864       GlobalFixupList
 0001:0001B2A0       GlobalFixupReferences
 0001:00005B7C       GlobalFree
 0001:00006444       GlobalFreePtr
 0001:00005B8C       GlobalHandle
 0001:00005B84       GlobalLock
 0002:00002848       GlobalNameSpace
 0001:00005B94       GlobalReAlloc
 0001:00006428       GlobalReAllocPtr
 0001:00005B9C       GlobalUnlock
 0002:00000A68       GlyphCache
 0001:0002A7E4       Graphics
 0002:00000B00       GripStyles
 0001:00017638       GroupDescendentsWith
 0001:0000E598       HandleConversionException
 0001:000749E8       HandleEdge
 0001:0001C704       HandleException
 0001:0004C270       HasPopup
 0001:0004EE24       HasSelectedText
 0002:00000024       HeapAllocFlags
 0002:000025C4       heapErrorCode
 0002:000025C8       heapLock
 0001:0002C9B0       HelpIntfs
 0002:0000293C       HelpManager
 0002:00002A74       HelpMsg
 0002:00002B18       HelpViewer
 0002:00002B1C       HelpViewerIntf
 0002:00000130       HexDisplayPrefix
 0002:00000C88       HideSelections
 0002:00000B38       HideSelections
 0001:000634DC       HideZone
 0002:00002664       HInstance
 0002:00002BD4       HintDoneEvent
 0001:00077154       HintGetMsgHook
 0002:00002BD8       HintHook
 0001:000770F8       HintMouseThread
 0002:00002BDC       HintThread
 0002:00002BD0       HintThreadID
 0001:000770A4       HintTimerProc
 0002:00000FBC       HintWindowClass
 0002:000029A8       HitTestThemeBackground
 0001:00006400       HiWord
 0001:00077198       HookHintHooks
 0001:00006558       HwndMSWheel
 0002:00000BB4       IAlignment
 0002:00000F50       IBreaks
 0002:00000F5C       IChecks
 0002:00000F64       IDefaults
 0001:00023518       IdentToCharset
 0001:00023310       IdentToColor
 0001:00055B0C       IdentToCursor
 0001:0001789C       IdentToInt
 0002:00000F6C       IEnables
 0001:0006B624       IfHotkeyAvailable
 0002:00002BAC       ImageListWriteExProc
 0001:0002AC94       ImageList_Add
 0001:0002ACB4       ImageList_AddIcon
 0001:0002ACE4       ImageList_BeginDrag
 0001:0002AC7C       ImageList_Create
 0001:0002AC84       ImageList_Destroy
 0001:0002ACF4       ImageList_DragEnter
 0001:0002ACFC       ImageList_DragLeave
 0001:0002AD04       ImageList_DragMove
 0001:0002AD14       ImageList_DragShowNolock
 0001:0002ACC4       ImageList_Draw
 0001:0002ACD4       ImageList_DrawEx
 0001:0002ACEC       ImageList_EndDrag
 0001:0002ACAC       ImageList_GetBkColor
 0001:0002AD1C       ImageList_GetDragImage
 0001:0002AD34       ImageList_GetIconSize
 0001:0002AC8C       ImageList_GetImageCount
 0001:0002AD24       ImageList_Read
 0001:0002ACDC       ImageList_Remove
 0001:0002ACCC       ImageList_Replace
 0001:0002AC9C       ImageList_ReplaceIcon
 0001:0002ACA4       ImageList_SetBkColor
 0001:0002AD0C       ImageList_SetDragCursorImage
 0001:0002AD3C       ImageList_SetIconSize
 0001:0002AD2C       ImageList_Write
 0002:00000EC0       Images
 0001:00067304       ImgList
 0001:0007A5BC       IMin
 0001:0002B9B8       Imm
 0002:00000EA4       IMM32DLL
 0001:000640CC       Imm32IsIME
 0002:00000184       IMSecsPerDay
 0001:0000E684       InBounds
 0001:0000E924       InBounds
 0001:0000E6B4       Increment
 0001:0000E954       Increment
 0001:0002ACC0       IndexToOverlayMask
 0001:0002AD88       IndexToStateImageMask
 0001:0000618C       InflateRect
 0001:000343D4       IniFiles
 0001:0007A1A8       IniProc
 0001:00000A64       InitAllocator
 0001:0002B200       InitAnApi
 0002:00002928       InitApis
 0001:0002ABE8       InitComCtl
 0001:0003B620       InitCommonControl
 0001:0002ABE0       InitCommonControls
 0001:0002AC48       InitCommonControlsEx
 0001:00017B44       InitComponent
 0002:00002634       InitContext
 0001:00064168       InitControls
 0001:0002A35C       InitDefFontData
 0001:0000C774       InitDriveSpacePtr
 0001:0000B8C0       InitExceptions
 0001:0002CA90       InitFlatSB
 0001:0002F4A4       InitGlobals
 0001:00025904       InitializeBitmapInfoHeader
 0001:00005BA4       InitializeCriticalSection
 0001:000003B8       InitializeCriticalSection
 0002:000025C0       initialized
 0001:0002CA68       InitializeFlatSB
 0001:000057B4       InitializeModule
 0001:0000D6F0       InitializeVarUtils
 0001:00063D6C       InitIMM32
 0001:00017BEC       InitInheritedComponent
 0001:0000C120       InitLeadBytes
 0001:0007ED44       InitLog
 0001:0002B8DC       InitMultiMonStubs
 0001:0000B9C4       InitPlatformId
 0002:00002040       InitProc
 0001:00079D5C       InitProcs
 0001:0002A2E0       InitScreenLogPixels
 0001:0000C198       InitSysLocale
 0001:0002D0B8       InitThemeLibrary
 0001:0002019C       InitThreadSynchronization
 0001:00005730       InitThreadTLS
 0001:00003448       InitUnits
 0001:000557F0       InitWndProc
 0002:00000E44       InnerStyles
 0002:00000CC0       InnerStyles
 0002:0000204C       Input
 0001:0002F474       InputBox
 0001:0002F158       InputQuery
 0001:0005B3BC       InsertBefore
 0001:00076B7C       InsertBefore
 0001:00000E70       InsertFree
 0001:0006B6D8       InsertHotkeyFarEastFormat
 0001:00006194       InsertMenu
 0001:0000619C       InsertMenuItem
 0001:0008CDC0       InstallationConfirmed
 0001:0008C220       InstallPlugin
 0001:0008BEA4       InstallPluginFromArchive
 0001:0008BA28       InstallPluginFromTemp
 0001:0008B798       InstallPluginMatchFromArc
 0001:0008CEA0       InstallPluginWithConfirmation
 0002:00002880       InstBlockList
 0002:00002884       InstFreeList
 0001:00012F90       Int64Compare
 0001:00012F7C       IntCompare
 0002:00002858       IntConstList
 0002:00000D4C       IntegralHeights
 0001:0000035C       InterlockedDecrement
 0001:0000C7DC       InterlockedDecrement
 0001:00005A94       InterlockedExchange
 0001:0000C7E8       InterlockedExchange
 0001:0000C7F0       InterlockedExchangeAdd
 0001:00000354       InterlockedIncrement
 0001:0000C7D0       InterlockedIncrement
 0001:00001C74       InternalClose
 0001:000229FC       InternalDeletePalette
 0001:00001EB8       InternalFlush
 0001:00000CCC       InternalFreeMem
 0001:00025A54       InternalGetDIB
 0001:000259E8       InternalGetDIBSizes
 0001:000179DC       InternalReadComponentRes
 0002:00002B00       InternalServices
 0001:00003C4C       InternalUniqueString
 0001:00005DCC       IntersectClipRect
 0001:000061A4       IntersectRect
 0001:00007A68       IntToHex
 0001:000178DC       IntToIdent
 0001:00007A40       IntToStr
 0001:00007954       IntToStr
 0001:000061AC       InvalidateRect
 0001:00024A54       InvalidBitmap
 0001:00024A3C       InvalidGraphic
 0001:00024A60       InvalidIcon
 0001:00024A6C       InvalidMetafile
 0001:00024A24       InvalidOperation
 0001:000169C4       InvalidPoint
 0001:000169B0       InvalidPoint
 0002:00002794       InvalidPointer
 0001:00002A54       InvokeImplGetter
 0001:00001900       IOResult
 0002:00000F8C       IOwnerDraw
 0002:00000F74       IRadios
 0002:00000F84       IRTL
 0001:0006FBC4       IsAccel
 0001:0006C8B8       IsAccelChar
 0002:00002A14       IsAppThemed
 0001:00056358       IsBeforeTargetWindow
 0001:000061B4       IsChild
 0002:00002048       IsConsole
 0001:0001EC10       IsDefault
 0001:0001EA8C       IsDefaultFloatProp
 0001:0001EAE8       IsDefaultInt64Prop
 0001:0001EDB4       IsDefaultInterfaceProp
 0001:0001EE90       IsDefaultMethodProp
 0001:0001EC68       IsDefaultObjectProp
 0001:0001EA34       IsDefaultOrdProp
 0001:0001EFA0       IsDefaultPropertyValue
 0001:0001EB40       IsDefaultStrProp
 0001:0001ECE8       IsDefaultValue
 0001:0001EF08       IsDefaultVariantProp
 0001:0000BE9C       IsDelimiter
 0001:000567B4       IsDelphiHandle
 0001:000061BC       IsDialogMessage
 0001:0007AA78       IsDirExist
 0002:00000F7C       ISeparators
 0001:0007FDEC       IsExtensionPresent
 0001:0007AA28       IsFileExist
 0001:0007A9DC       IsFileUsed
 0001:000061C4       IsIconic
 0001:0006C914       IsInitialChar
 0001:000091BC       IsLeapYear
 0002:00002034       IsLibrary
 0002:00002049       IsMultiThread
 0001:0006118C       IsOrientationSet
 0001:0000BE68       IsPathDelimiter
 0001:000061CC       IsRectEmpty
 0001:0005655C       IsSiteChildOfClient
 0001:000144A4       IsStoredProp
 0002:00002A10       IsThemeActive
 0002:000029B8       IsThemeBackgroundPartiallyTransparent
 0002:00002A20       IsThemeDialogTextureEnabled
 0002:000029B4       IsThemePartDefined
 0001:000179B8       IsUniqueGlobalComponentName
 0002:0000284C       IsUniqueGlobalComponentNameProc
 0001:000078A4       IsValidIdent
 0001:0000C180       IsWesternGroup
 0001:000061D4       IsWindow
 0001:000061DC       IsWindowEnabled
 0001:000061E4       IsWindowVisible
 0001:000061EC       IsZoomed
 0001:00068698       Iterate
 0001:000686F8       IterateMenus
 0002:0000002C       JITEnable
 0001:0006FB78       KeyboardStateToShiftState
 0001:0006FB3C       KeyDataToShiftState
 0001:0007D75C       KeyError
 0001:0006FAE8       KeysToShiftState
 0001:000061F4       KillTimer
 0001:00007ED8       LastDelimiter
 0001:0000C0AC       LCIDToCodePage
 0001:00005560       LCIDToCodePage
 0002:00000110       LeadBytes
 0001:00005BAC       LeaveCriticalSection
 0001:000003C8       LeaveCriticalSection
 0001:0007C9C4       LibAdd
 0001:0007C700       LibClear
 0001:0007C76C       LibCount
 0001:0007C7B4       LibDesc
 0001:0007C908       LibIndex
 0002:00002CBC       libList
 0002:00000038       LibModuleList
 0002:00002CB8       libNum
 0001:0007C854       LibState
 0001:00005DD4       LineTo
 0001:00036144       ListActns
 0001:00057344       ListAdd
 0001:0008376C       ListItem
 0001:00035350       ListItemsCompare
 0001:0005736C       ListRemove
 0002:0000274A       ListSeparator
 0001:0002AEE4       ListView_Arrange
 0001:0002AF90       ListView_CreateDragImage
 0001:0002ADEC       ListView_DeleteAllItems
 0001:0002AF3C       ListView_DeleteColumn
 0001:0002ADD4       ListView_DeleteItem
 0001:0002AE80       ListView_EnsureVisible
 0001:0002AE24       ListView_FindItem
 0001:0002B074       ListView_GetCheckState
 0001:0002B170       ListView_GetColumnOrderArray
 0001:0002AF54       ListView_GetColumnWidth
 0001:0002AFEC       ListView_GetCountPerPage
 0001:0002AEFC       ListView_GetEditControl
 0001:0002B1B8       ListView_GetHoverTime
 0001:0002AD8C       ListView_GetItem
 0001:0002AD78       ListView_GetItemCount
 0001:0002AE34       ListView_GetItemRect
 0001:0002B064       ListView_GetItemState
 0001:0002AE00       ListView_GetNextItem
 0001:0002AFFC       ListView_GetOrigin
 0001:0002B12C       ListView_GetSelectedCount
 0001:0002AFDC       ListView_GetTopIndex
 0001:0002AE70       ListView_HitTest
 0001:0002AF2C       ListView_InsertColumn
 0001:0002ADBC       ListView_InsertItem
 0001:0002AEC8       ListView_RedrawItems
 0001:0002AEAC       ListView_Scroll
 0001:0002AD44       ListView_SetBkColor
 0001:0002B094       ListView_SetCheckState
 0001:0002AF10       ListView_SetColumn
 0001:0002B154       ListView_SetColumnOrderArray
 0001:0002AF6C       ListView_SetColumnWidth
 0001:0002B13C       ListView_SetExtendedListViewStyle
 0001:0002B1A8       ListView_SetHoverTime
 0001:0002AD5C       ListView_SetImageList
 0001:0002ADA4       ListView_SetItem
 0001:0002B0F0       ListView_SetItemCount
 0001:0002B100       ListView_SetItemCountEx
 0001:0002B034       ListView_SetItemState
 0001:0002B0C0       ListView_SetItemText
 0001:0002AFC4       ListView_SetTextBkColor
 0001:0002AFAC       ListView_SetTextColor
 0001:0002B18C       ListView_SetWorkAreas
 0001:0002B110       ListView_SortItems
 0001:0002B014       ListView_Update
 0001:000061FC       LoadBitmap
 0001:00006204       LoadCursor
 0001:0000620C       LoadIcon
 0001:00006214       LoadKeyboardLayout
 0001:00005BB4       LoadLibrary
 0001:000002EC       LoadLibraryEx
 0001:00092254       LoadOptions
 0001:00005BBC       LoadResource
 0001:00004C68       LoadResourceModule
 0001:00005508       LoadResString
 0001:000002F4       LoadString
 0001:0000621C       LoadString
 0001:00005704       LocalAlloc
 0001:00000398       LocalAlloc
 0001:000003A0       LocalFree
 0001:0000AABC       LocalGetLocaleStr
 0002:00002A48       Lock
 0001:00005BC4       LockResource
 0001:00082224       LogMessage
 0001:000824B4       LogProc
 0002:0000268C       LongDateFormat
 0002:00002720       LongDayNames
 0002:000026D4       LongMonthNames
 0002:000026A0       LongTimeFormat
 0001:00007674       LowerCase
 0001:0007CA24       LSKey
 0001:0007CA40       LSKeyD
 0001:00005C6C       lstrcmp
 0001:00005C74       lstrcpy
 0001:000002FC       lstrcpyn
 0002:00002820       LVarTypes
 0002:00002824       LVarTypeSync
 0002:0000202C       MainInstance
 0002:00002030       MainThreadID
 0001:00000428       MakeEmpty
 0001:00003558       MakeErrorMessage
 0002:00000E90       MakeLast
 0001:000063F4       MakeLong
 0001:00006498       MakeLParam
 0001:00021440       MakeObjectInstance
 0001:0006FACC       MakeObjectInstance
 0001:00006458       MakeROP4
 0001:00006490       MakeWParam
 0001:0000B580       MapException
 0001:000344A8       Mapi
 0002:00000A94       MAPIDLL
 0002:00000A98       MAPIModule
 0001:00003260       MapToRunError
 0001:00006224       MapVirtualKey
 0001:0000622C       MapWindowPoints
 0002:00000EC8       Mask
 0001:00005DDC       MaskBlt
 0001:0002A920       Math
 0001:0002A8E8       Max
 0001:0007247C       MaximizedChildren
 0002:00000040       MemoryManager
 0002:00000ED4       MenuKeyCaps
 0001:0006D934       Menus
 0001:00000478       MergeBlockAfter
 0001:00000F44       MergeCommit
 0001:00006234       MessageBox
 0001:0000028C       MessageBox
 0001:0000D238       Messages
 0001:0002A8E0       Min
 0001:00018434       Min
 0001:0005ABF0       MinVar
 0002:00002930       MMAvailable
 0002:00000EA8       ModeMap
 0001:00074174       ModifySystemMenu
 0002:000000A8       Module
 0002:00002661       ModuleIsCpp
 0002:00002660       ModuleIsLib
 0001:00021410       ModuleUnload
 0002:0000003C       ModuleUnloadList
 0002:0000290C       MonitorFromPoint
 0002:00002908       MonitorFromRect
 0002:00002904       MonitorFromWindow
 0002:000000E0       MonthDays
 0002:00002B20       Mouse
 0001:00001920       Move
 0001:00005BCC       MoveFile
 0001:00005BD4       MoveFileEx
 0001:00005DE4       MoveToEx
 0001:0005738C       MoveWindowOrg
 0001:0007C014       Msg
 0001:0007BD68       MsgBox
 0001:0007B2A4       MsgCaption
 0001:0007B388       MsgCaption2
 0001:0007BDDC       MsgConfirmed
 0001:0007BDC4       MsgError
 0001:0007B7C4       MsgFile
 0001:0007BDAC       MsgInfo
 0001:0007B3C0       MsgString
 0001:0007B820       MsgUpdate
 0002:000010D8       MsgUpdateProc
 0001:00005BDC       MulDiv
 0001:0000030C       MultiByteToWideChar
 0002:00000D54       MultiColumns
 0001:00079800       MultiLineWidth
 0001:0002B978       MultiMon
 0002:00000B30       MultiSelections
 0002:00000D3C       MultiSelects
 0002:00002681       NegCurrFormat
 0001:00000FD0       NewCommit
 0001:00000FFC       NewCommitAt
 0002:00000A80       NewState
 0002:00002B24       NewStyleControls
 0001:0000BE2C       NextCharIndex
 0001:00061170       NextVisibleZone
 0002:0000048C       NilMethod
 0002:00000030       NoErrMsg
 0001:000694AC       NormalDraw
 0001:00002E18       NotifyAnyExcept
 0001:000188C0       NotifyDesigner
 0001:00002DEC       NotifyExcept
 0001:00002E4C       NotifyExceptFinally
 0001:00017AB8       NotifyGlobalLoading
 0001:00004F68       NotifyModuleUnload
 0001:00002DC8       NotifyNonDelphiException
 0001:00002E04       NotifyOnExcept
 0001:00002DAC       NotifyReRaise
 0001:00002E74       NotifyTerminate
 0001:00002E90       NotifyUnhandled
 0001:0006C264       NthParentOf
 0001:00013FBC       Null
 0002:00000328       NullAsStringValue
 0001:00012E94       NullCompare
 0002:0000031C       NullEqualityRule
 0002:00000320       NullMagnitudeRule
 0002:00000324       NullStrictConvert
 0001:0001EBD0       ObjectAncestorMatch
 0001:000558A8       ObjectFromHWnd
 0002:00000C90       OEMConverts
 0001:0000623C       OemToAnsi
 0001:00006244       OemToCharBuff
 0001:0000624C       OffsetRect
 0001:00005860       OffsetRect
 0001:00006254       OpenClipboard
 0002:000007E8       OpenOptions
 0002:00000840       OpenOptionsEx
 0001:0007C384       OpenRegKey
 0001:00001B7C       OpenText
 0002:00002980       OpenThemeData
 0002:0000583C       Opt
 0002:000057D4       OptLog
 0002:000057F4       OptRpt
 0002:000057B4       OptTC
 0002:000057E0       OptUnpack
 0002:00000E88       OrientArray
 0002:00000CD0       OuterStyles
 0002:00000E54       OuterStyles
 0002:00002790       OutOfMemory
 0001:00024A78       OutOfResources
 0002:00002218       Output
 0001:0001F49C       OwnedBy
 0002:0000032C       PackVarCreation
 0001:00051918       PaintListBox
 0002:00000788       Pal16
 0001:00022E04       PaletteChanged
 0001:00025270       PaletteFromDIBColorTable
 0001:00025314       PaletteToDIBColorTable
 0002:00000784       PalSize
 0001:00001A4C       ParamCount
 0001:00001AAC       ParamStr
 0001:00061554       ParentNotLast
 0002:00000C6C       Passwords
 0001:00005DEC       PatBlt
 0002:000028E8       PatternManager
 0001:0000625C       PeekMessage
 0002:000028DC       PenManager
 0002:00000754       PenModes
 0002:00000734       PenStyles
 0001:00055BA4       PerformEraseBackground
 0001:00081AAC       PJMenuSpeedButtons
 0001:00005DF4       PlayEnhMetaFile
 0001:00094C64       Plugman
 0001:00016938       Point
 0001:00005858       Point
 0001:00016D8C       PointerInModule
 0001:0005C5A0       PointsEqual
 0001:00006478       PointToSmallPoint
 0001:00005DFC       Polyline
 0002:00002BB0       PopupList
 0001:00006264       PostMessage
 0001:0000626C       PostQuitMessage
 0001:0002CA2C       Printers
 0001:00075888       ProcessExecute
 0001:0006FDF4       ProcessHorz
 0001:00075988       ProcessUpdate
 0001:0006FE60       ProcessVert
 0001:00081EA4       ProgressActionCancelled
 0001:00081E80       ProgressHide
 0001:00081E48       ProgressShow
 0001:0001B59C       PropertyNotFound
 0001:0001C804       PropPathError
 0002:00000FEC       Props
 0001:0001B590       PropValueError
 0001:00006274       PtInRect
 0002:000000A4       PtrToNil
 0001:00008924       PutExponent
 0002:00002B68       QualifyingSites
 0001:0000B53C       RaiseAssertException
 0001:0001A54C       RaiseException
 0001:00000244       RaiseException
 0002:00002014       RaiseExceptionProc
 0001:0000C68C       RaiseLastOSError
 0001:00040EDC       ReadCols
 0001:000622C4       ReadControlName
 0001:0001DA44       ReadCustomVariant
 0001:0001B578       ReadError
 0001:00005BE4       ReadFile
 0001:0000024C       ReadFile
 0001:000255C8       ReadIcon
 0001:00002180       ReadLine
 0002:00000C74       ReadOnlys
 0001:00012FCC       RealCompare
 0001:00005E04       RealizePalette
 0001:0001BDB8       Recover
 0001:0000583C       Rect
 0001:00016960       Rect
 0001:00005E14       Rectangle
 0001:00005E0C       RectVisible
 0001:0000627C       RedrawWindow
 0002:00002818       RefAnyProc
 0002:00002A44       ReferenceCount
 0001:00000314       RegCloseKey
 0001:000059C4       RegCloseKey
 0001:000059CC       RegCreateKeyEx
 0001:000059D4       RegDeleteKey
 0002:0000285C       RegGroups
 0001:00083ECC       Register
 0001:00006284       RegisterClass
 0001:00017530       RegisterClass
 0001:0000628C       RegisterClipboardFormat
 0001:000566FC       RegisterDockSite
 0001:00017920       RegisterFindGlobalComponentProc
 0001:00017778       RegisterIntegerConsts
 0001:00004FC4       RegisterModule
 0001:0002BD84       RegisterViewer
 0001:00006294       RegisterWindowMessage
 0001:0003443C       Registry
 0001:0000031C       RegOpenKeyEx
 0001:000059DC       RegOpenKeyEx
 0001:0007C4F0       RegProc
 0001:000059E4       RegQueryValueEx
 0001:00000324       RegQueryValueEx
 0001:000059EC       RegSetValueEx
 0001:0002D9A4       RegStr
 0001:0000629C       ReleaseCapture
 0001:000062A4       ReleaseDC
 0002:0000004C       reMap
 0002:00002618       remBytes
 0001:000004E8       RemoveBlock
 0002:00000468       RemoveDataModule
 0001:00005BEC       RemoveDirectory
 0001:0001B448       RemoveFixupReferences
 0001:0001B4F4       RemoveFixups
 0001:0001B7EC       RemoveGlobalFixup
 0001:000062AC       RemoveMenu
 0001:00004EE0       RemoveModuleUnloadProc
 0001:00004F08       RemoveModuleUnloadProc
 0001:000062B4       RemoveProp
 0001:00005BF4       ResetEvent
 0001:000201E8       ResetSyncEvent
 0001:00001484       ResizeInPlace
 0001:0008C728       RestartTC
[...]
    46 0001:0008E61D    47 0001:0008E644    48 0001:0008E66B    50 0001:0008E694
    51 0001:0008E6B8    52 0001:0008E6E1    53 0001:0008E705    54 0001:0008E72E
    55 0001:0008E750    56 0001:0008E774    57 0001:0008E79D    58 0001:0008E7D5
    59 0001:0008E809    61 0001:0008E82D    62 0001:0008E878    63 0001:0008E8C3
    65 0001:0008E90E    67 0001:0008E91A    68 0001:0008E932    69 0001:0008E94D
    70 0001:0008E968    71 0001:0008E983    72 0001:0008E99E    76 0001:0008E9B9
    77 0001:0008E9E1    78 0001:0008EA09    79 0001:0008EA31    80 0001:0008EA69
    81 0001:0008EAA1    82 0001:0008EAD9    83 0001:0008EAFD    84 0001:0008EB31
    85 0001:0008EB55    86 0001:0008EB79    87 0001:0008EBAD    88 0001:0008EBD1
    89 0001:0008EC05    91 0001:0008EC29    92 0001:0008EC43    93 0001:0008EC5D

Line numbers for UFormMain(UFormMain.pas) segment .text

   538 0001:0008EC77   543 0001:0008ED37   544 0001:0008ED51   545 0001:0008ED6B
   546 0001:0008ED85   548 0001:0008ED9F   549 0001:0008EDAD   550 0001:0008EDB8
   551 0001:0008EDC6   553 0001:0008EDD1   554 0001:0008EDDF   555 0001:0008EE5A
   560 0001:0008EE7C   561 0001:0008EEA7   563 0001:0008EEB9   565 0001:0008EEC1
   566 0001:0008EECC   568 0001:0008EEE4   569 0001:0008EEED   570 0001:0008EEF8
   572 0001:0008EF10   573 0001:0008EF19   574 0001:0008EF24   576 0001:0008EF3C
   577 0001:0008EF45   578 0001:0008EF50   580 0001:0008EF68   581 0001:0008EF71
   582 0001:0008EF7C   584 0001:0008EF94   585 0001:0008EF9D   586 0001:0008EFA8
   589 0001:0008EFC0   590 0001:0008EFEA   594 0001:0008EFF0   596 0001:0008EFFC
   598 0001:0008F009   599 0001:0008F011   603 0001:0008F018   605 0001:0008F033
   606 0001:0008F04E   607 0001:0008F069   609 0001:0008F088   610 0001:0008F0A3
   611 0001:0008F0B7   613 0001:0008F0E0   614 0001:0008F0FB   616 0001:0008F116
   617 0001:0008F131   619 0001:0008F15D   620 0001:0008F182   621 0001:0008F1A7
   622 0001:0008F1CC   623 0001:0008F1F1   624 0001:0008F20B   625 0001:0008F215
   627 0001:0008F23E   628 0001:0008F259   629 0001:0008F274   630 0001:0008F28F
   631 0001:0008F2AA   632 0001:0008F2C5   634 0001:0008F2CD   635 0001:0008F30B
   636 0001:0008F32A   637 0001:0008F349   638 0001:0008F368   639 0001:0008F387
   640 0001:0008F3C8   645 0001:0008F5E8   646 0001:0008F5F4   647 0001:0008F601
   648 0001:0008F609   652 0001:0008F610   653 0001:0008F617   654 0001:0008F631
   656 0001:0008F64D   657 0001:0008F667   659 0001:0008F681   660 0001:0008F69B
   661 0001:0008F6B5   663 0001:0008F6CF   664 0001:0008F6E9   665 0001:0008F703
   666 0001:0008F71D   668 0001:0008F737   669 0001:0008F751   670 0001:0008F76D
   672 0001:0008F789   673 0001:0008F7A5   674 0001:0008F7C1   675 0001:0008F7DD
   676 0001:0008F7F9   678 0001:0008F815   679 0001:0008F831   680 0001:0008F852
   681 0001:0008F86E   683 0001:0008F88A   684 0001:0008F8A6   685 0001:0008F8C3
   686 0001:0008F8DF   687 0001:0008F8FB   688 0001:0008F917   690 0001:0008F931
   691 0001:0008F94B   692 0001:0008F965   694 0001:0008F981   696 0001:0008F98D
   697 0001:0008F9A8   698 0001:0008F9C3   699 0001:0008F9DE   701 0001:0008F9F9
   702 0001:0008FA1B   703 0001:0008FA3E   705 0001:0008FA46   706 0001:0008FA62
   707 0001:0008FA80   708 0001:0008FA9E   709 0001:0008FABC   710 0001:0008FADA
   711 0001:0008FAF8   718 0001:0008FEAC   719 0001:0008FEB5   720 0001:0008FEB9
   719 0001:0008FECF   722 0001:0008FED5   723 0001:0008FEDA   725 0001:0008FEE6
   727 0001:0008FEEF   728 0001:0008FEF2   731 0001:0008FEFE   733 0001:0008FF07
   734 0001:0008FF0A   737 0001:0008FF16   739 0001:0008FF1F   740 0001:0008FF22
   743 0001:0008FF2E   745 0001:0008FF37   746 0001:0008FF3A   749 0001:0008FF46
   751 0001:0008FF4F   752 0001:0008FF52   754 0001:0008FF5E   757 0001:0008FF64
   758 0001:0008FF70   759 0001:0008FF78   760 0001:0008FF8D   765 0001:0008FF94
   766 0001:0008FFA0   768 0001:0008FFA4   770 0001:0008FFAC   771 0001:0008FFB0
   772 0001:0008FFC4   770 0001:0008FFCF   773 0001:0008FFD8   780 0001:0008FFDC
   781 0001:0008FFE5   783 0001:0008FFE9   784 0001:0008FFF7   785 0001:0008FFFD
   786 0001:00090035   781 0001:00090038   787 0001:0009003E   793 0001:00090054
   794 0001:0009005D   796 0001:00090061   797 0001:0009006F   798 0001:00090075
   799 0001:000900BB   794 0001:000900BE   800 0001:000900C4   804 0001:000900D8
   805 0001:000900FD   807 0001:00090109   809 0001:00090117   810 0001:00090128
   814 0001:0009014B   815 0001:0009015B   817 0001:00090168   819 0001:00090174
   820 0001:0009018A   823 0001:000901CE   829 0001:00090218   830 0001:00090221
   831 0001:00090232   832 0001:0009023E   833 0001:0009025C   835 0001:00090270
   836 0001:00090285   837 0001:0009028E   838 0001:0009029D   839 0001:000902AA
   832 0001:000902AD   840 0001:000902B2   845 0001:000902B8   846 0001:000902DA
   847 0001:0009034B   853 0001:0009035C   854 0001:0009037B   855 0001:0009038A
   856 0001:000903BC   857 0001:000903C5   860 0001:0009044D   867 0001:00090454
   869 0001:0009048E   870 0001:0009049D   873 0001:000904A2   874 0001:000904B0
   875 0001:000904C0   876 0001:000904CE   877 0001:000904DE   879 0001:000904F2
   882 0001:00090517   885 0001:0009051C   887 0001:00090528   888 0001:00090534
   889 0001:0009053B   891 0001:0009054B   892 0001:00090557   893 0001:0009055E
   895 0001:0009056E   896 0001:0009057C   897 0001:0009058A   898 0001:0009058F
   899 0001:000905A8   900 0001:000905BA   902 0001:000905CB   904 0001:000905D6
   905 0001:000905EC   906 0001:00090618   907 0001:00090636   910 0001:00090642
   911 0001:00090669   912 0001:00090671   914 0001:00090689   916 0001:000906A5
   917 0001:000906D7   918 0001:00090709   919 0001:00090733   920 0001:00090746
   923 0001:00090756   924 0001:00090771   925 0001:00090779   926 0001:00090782
   930 0001:0009078A   932 0001:000907B8   934 0001:000907C1   935 0001:000907DE
   936 0001:000907E4   937 0001:00090801   940 0001:0009080F   941 0001:00090818
   943 0001:00090840   944 0001:00090849   946 0001:00090862   947 0001:0009086B
   949 0001:00090886   950 0001:0009088F   951 0001:000908AA   898 0001:000908AD
   953 0001:000908B6   965 0001:000908C4   966 0001:000908DC   968 0001:000908EF
   969 0001:0009090A   972 0001:0009091C   973 0001:0009093E   977 0001:0009095B
   979 0001:00090963   981 0001:0009096F   982 0001:00090981   983 0001:0009099A
   984 0001:0009099F   985 0001:000909E5   987 0001:00090A66   991 0001:00090AF4
   992 0001:00090B00   993 0001:00090B0C   994 0001:00090B18   995 0001:00090B38
   998 0001:00090B3C   999 0001:00090B48  1000 0001:00090B54  1001 0001:00090B60
  1002 0001:00090B80  1005 0001:00090B84  1006 0001:00090BA3  1007 0001:00090BDB
  1011 0001:00090BF0  1012 0001:00090BFC  1014 0001:00090C01  1015 0001:00090C09
  1017 0001:00090C13  1018 0001:00090C1C  1019 0001:00090C28  1025 0001:00090C2C
  1026 0001:00090C3B  1027 0001:00090C4C  1029 0001:00090C57  1030 0001:00090C5F
  1032 0001:00090C6D  1034 0001:00090C7D  1035 0001:00090C85  1036 0001:00090C93
  1040 0001:00090C98  1041 0001:00090CA1  1042 0001:00090CBC  1048 0001:00090CC0
  1049 0001:00090CE6  1050 0001:00090CFE  1052 0001:00090D0A  1055 0001:00090D13
  1062 0001:00090D37  1063 0001:00090D49  1064 0001:00090D4F  1068 0001:00090D8F
  1074 0001:00090DB1  1075 0001:00090DBA  1076 0001:00090DE1  1080 0001:00090DE8
  1081 0001:00090DF4  1082 0001:00090DFF  1090 0001:00090E04  1091 0001:00090E13
  1093 0001:00090E1F  1094 0001:00090E2D  1095 0001:00090E48  1097 0001:00090E6A
  1098 0001:00090E7B  1099 0001:00090E8C  1100 0001:00090EA0  1102 0001:00090EB4
  1104 0001:00090ECF  1105 0001:00090EE0  1106 0001:00090F06  1107 0001:00090F48
  1108 0001:00090F83  1109 0001:00090FB0  1110 0001:00090FCD  1111 0001:00091001
  1112 0001:0009102D  1113 0001:0009103E  1114 0001:0009104F  1115 0001:0009106D
  1116 0001:00091087  1117 0001:000910A5  1118 0001:000910BF  1119 0001:000910DD
  1120 0001:000910EE  1121 0001:0009110C  1123 0001:0009111D  1130 0001:00091124
  1131 0001:00091149  1133 0001:00091159  1134 0001:0009116E  1135 0001:00091188
  1137 0001:000911E0  1138 0001:000911EC  1140 0001:000911FF  1141 0001:0009120D
  1142 0001:0009121E  1144 0001:00091230  1145 0001:00091247  1146 0001:00091255
  1150 0001:00091265  1153 0001:00091278  1156 0001:0009127D  1157 0001:0009128D
  1158 0001:00091299  1160 0001:000912A9  1161 0001:000912B7  1166 0001:0009136B
  1169 0001:0009137A  1170 0001:000913A7  1172 0001:000913CA  1173 0001:000913E1
  1175 0001:000913F4  1176 0001:00091402  1179 0001:00091438  1180 0001:0009144E
  1169 0001:00091451  1183 0001:0009145A  1184 0001:00091468  1185 0001:00091472
  1187 0001:0009148A  1189 0001:000914C6  1190 0001:000914E3  1185 0001:000914E6
  1192 0001:000914F8  1193 0001:00091500  1194 0001:00091508  1199 0001:0009151A
  1200 0001:0009156A  1210 0001:00091570  1211 0001:00091594  1213 0001:000915A4
  1214 0001:000915B0  1216 0001:000915C0  1217 0001:000915CE  1220 0001:000915E1
  1222 0001:000915EB  1225 0001:000915FA  1226 0001:0009161C  1227 0001:0009163B
  1228 0001:0009165F  1229 0001:00091668  1225 0001:0009169F  1232 0001:000916A8
  1233 0001:000916B6  1234 0001:000916C0  1236 0001:000916DC  1238 0001:0009170A
  1239 0001:00091728  1240 0001:00091753  1241 0001:00091759  1243 0001:00091773
  1244 0001:0009177E  1234 0001:00091781  1246 0001:00091797  1247 0001:0009179F
  1248 0001:000917A7  1254 0001:000917B9  1256 0001:00091803  1259 0001:00091812
  1260 0001:00091829  1261 0001:00091848  1259 0001:00091872  1264 0001:00091878
  1265 0001:00091886  1266 0001:00091890  1268 0001:000918A8  1270 0001:000918E4
  1271 0001:00091901  1266 0001:00091904  1273 0001:00091916  1274 0001:0009191E
  1275 0001:00091926  1280 0001:00091938  1281 0001:00091983  1288 0001:000919C0
  1289 0001:000919E5  1290 0001:000919F5  1292 0001:00091A01  1293 0001:00091A15
  1294 0001:00091A36  1295 0001:00091A46  1296 0001:00091A52  1298 0001:00091A76
  1299 0001:00091A89  1300 0001:00091AA5  1301 0001:00091AC1  1303 0001:00091ACC
  1306 0001:00091AD1  1307 0001:00091AE1  1309 0001:00091AED  1310 0001:00091AFB
  1311 0001:00091B06  1313 0001:00091B11  1315 0001:00091B21  1316 0001:00091B44
  1317 0001:00091B51  1318 0001:00091B5F  1319 0001:00091B69  1321 0001:00091B84
  1323 0001:00091BB4  1324 0001:00091BDA  1319 0001:00091BDD  1326 0001:00091BEF
  1327 0001:00091BF7  1330 0001:00091C09  1334 0001:00091C18  1335 0001:00091C73
  1341 0001:00091C78  1342 0001:00091CAA  1343 0001:00091CB6  1344 0001:00091CC2
  1346 0001:00091CD8  1348 0001:00091CEA  1349 0001:00091CF6  1351 0001:00091D02
  1352 0001:00091D10  1353 0001:00091D1B  1355 0001:00091D2B  1356 0001:00091D4E
  1358 0001:00091D61  1361 0001:00091D66  1362 0001:00091D76  1364 0001:00091D82
  1365 0001:00091D90  1366 0001:00091D9B  1368 0001:00091DA6  1370 0001:00091DB6
  1372 0001:00091DDE  1374 0001:00091DEB  1375 0001:00091DF9  1376 0001:00091E03
  1378 0001:00091E1E  1380 0001:00091E4E  1381 0001:00091E70  1376 0001:00091E73
  1383 0001:00091E85  1384 0001:00091E8D  1388 0001:00091E9F  1392 0001:00091EAE
  1393 0001:00091EF9  1398 0001:00091F04  1399 0001:00091F10  1400 0001:00091F18
  1401 0001:00091F22  1407 0001:00091F28  1408 0001:00091F4A  1409 0001:00091F5A
  1410 0001:00091F66  1412 0001:00091F76  1413 0001:00091F84  1415 0001:00091F97
  1417 0001:00091FD0  1418 0001:00091FE1  1419 0001:00091FEF  1420 0001:0009200D
  1421 0001:0009202B  1422 0001:00092044  1423 0001:00092064  1425 0001:00092072
  1426 0001:0009208E  1429 0001:000920A5  1432 0001:000920B5  1433 0001:000920EE
  1437 0001:000920F4  1438 0001:00092100  1439 0001:00092108  1440 0001:00092114
  1441 0001:0009211C  1445 0001:00092120  1446 0001:00092145  1448 0001:00092151
  1450 0001:0009215F  1451 0001:00092170  1455 0001:00092193  1456 0001:0009219E
  1458 0001:000921AB  1460 0001:000921B7  1461 0001:000921CF  1462 0001:000921E9
  1465 0001:00092221  1470 0001:00092254  1471 0001:00092271  1473 0001:00092298
  1474 0001:000922C9  1475 0001:000922D8  1476 0001:00092309  1478 0001:00092319
  1479 0001:0009234A  1480 0001:00092380  1482 0001:0009239F  1483 0001:000923BA
  1485 0001:000923E1  1486 0001:00092408  1488 0001:00092427  1489 0001:0009245D
  1490 0001:00092488  1492 0001:000924B2  1493 0001:000924DC  1494 0001:00092506
  1495 0001:00092530  1497 0001:0009255A  1498 0001:00092563  1499 0001:00092581
  1500 0001:0009259C  1501 0001:000925B7  1502 0001:000925D2  1503 0001:000925ED
  1504 0001:00092617  1505 0001:00092643  1506 0001:00092661  1508 0001:0009267C
  1509 0001:000926A6  1510 0001:000926D2  1515 0001:00092A70  1516 0001:00092A7C
  1517 0001:00092A81  1518 0001:00092A89  1519 0001:00092A93  1520 0001:00092A9C
  1521 0001:00092AA8  1527 0001:00092AAC  1528 0001:00092ABB  1529 0001:00092ADC
  1533 0001:00092AE4  1534 0001:00092B03  1535 0001:00092B0F  1537 0001:00092B1E
  1538 0001:00092B59  1542 0001:00092B70  1543 0001:00092B8F  1544 0001:00092B9B
  1546 0001:00092BBA  1547 0001:00092BED  1551 0001:00092C18  1552 0001:00092C37
  1553 0001:00092C43  1555 0001:00092C62  1556 0001:00092C90  1563 0001:00092CA8
  1564 0001:00092CCC  1566 0001:00092CD8  1567 0001:00092CEF  1568 0001:00092D07
  1569 0001:00092D39  1572 0001:00092D3E  1573 0001:00092D4E  1574 0001:00092D5A
  1576 0001:00092D6A  1579 0001:00092D7B  1580 0001:00092D89  1582 0001:00092DB6
  1583 0001:00092DD4  1586 0001:00092E0D  1587 0001:00092E3D  1591 0001:00092E73
  1592 0001:00092E8A  1593 0001:00092E9F  1596 0001:00092ED3  1599 0001:00092EDF
  1600 0001:00092F22  1605 0001:00092F28  1606 0001:00092F34  1608 0001:00092F44
  1609 0001:00092F50  1611 0001:00092F5A  1612 0001:00092F6E  1618 0001:00092F74
  1619 0001:00092F80  1621 0001:00092F8C  1624 0001:00092FD8  1626 0001:00092FDE
  1629 0001:0009302A  1631 0001:00093030  1634 0001:00093034  1635 0001:0009303F
  1642 0001:00093044  1643 0001:0009306F  1644 0001:0009307B  1646 0001:0009308B
  1647 0001:000930B5  1648 0001:000930C2  1649 0001:000930FE  1650 0001:0009310D
  1651 0001:00093118  1653 0001:00093157  1659 0001:000931B4  1660 0001:000931D7
  1662 0001:0009326F  1664 0001:0009327D  1665 0001:00093282  1670 0001:0009328F
  1672 0001:0009329D  1673 0001:000932BA  1678 0001:000932C7  1679 0001:000932F0
  1680 0001:00093316  1681 0001:0009333A  1685 0001:00093347  1687 0001:00093355
  1688 0001:00093383  1689 0001:000933AF  1693 0001:000933BC  1695 0001:000933CA
  1696 0001:000933E7  1701 0001:000933F4  1703 0001:000933FE  1704 0001:0009342B
  1705 0001:00093445  1708 0001:00093452  1710 0001:00093460  1711 0001:0009347D
  1716 0001:0009348A  1718 0001:00093498  1719 0001:000934B2  1723 0001:000934BF
  1725 0001:000934CD  1726 0001:000934D5  1730 0001:000934E2  1732 0001:000934F0
  1733 0001:0009350D  1737 0001:0009351A  1739 0001:00093528  1740 0001:00093533
  1744 0001:0009353D  1746 0001:00093547  1747 0001:00093561  1751 0001:0009356B
  1753 0001:00093575  1754 0001:00093580  1759 0001:0009358A  1760 0001:000935A4
  1761 0001:000935AF  1764 0001:000935D4  1768 0001:000935E8  1769 0001:000935F5
  1770 0001:000935FF  1771 0001:0009360E  1772 0001:00093629  1773 0001:00093644
  1774 0001:00093666  1775 0001:0009367E  1776 0001:00093692  1777 0001:0009369E
  1779 0001:000936D9  1780 0001:000936EF  1781 0001:00093700  1786 0001:00093708
  1787 0001:0009372A  1788 0001:0009373A  1789 0001:00093746  1791 0001:00093756
  1792 0001:00093764  1794 0001:00093777  1796 0001:000937AD  1797 0001:000937BE
  1798 0001:000937CC  1799 0001:000937E2  1800 0001:000937F0  1802 0001:00093807
  1805 0001:00093817  1806 0001:00093850  1810 0001:00093854  1811 0001:00093877
  1812 0001:00093888  1813 0001:00093896  1814 0001:000938D6  1815 0001:000938F4
  1816 0001:00093920  1817 0001:00093963  1819 0001:00093971  1820 0001:0009399F
  1823 0001:000939B7  1825 0001:00093A16  1829 0001:00093A4C  1830 0001:00093A58
  1831 0001:00093A62  1838 0001:00093A68  1839 0001:00093A93  1840 0001:00093AA4
  1841 0001:00093AB2  1842 0001:00093AC8  1843 0001:00093AE2  1844 0001:00093AFC
  1845 0001:00093B16  1846 0001:00093B30  1848 0001:00093B4A  1850 0001:00093B5C
  1851 0001:00093B7A  1852 0001:00093B94  1853 0001:00093BAE  1854 0001:00093BC8
  1855 0001:00093BE2  1857 0001:00093BFC  1859 0001:00093C0E  1860 0001:00093C1E
  1861 0001:00093C2C  1863 0001:00093C56  1866 0001:00093C6C  1867 0001:00093C72
  1869 0001:00093C8D  1872 0001:00093CD2  1874 0001:00093D1C  1877 0001:00093D60
  1878 0001:00093D85  1879 0001:00093D96  1880 0001:00093DA4  1881 0001:00093DBC
  1882 0001:00093DE5  1883 0001:00093DF9  1885 0001:00093E07  1886 0001:00093E25
  1889 0001:00093E3D  1891 0001:00093E77  1894 0001:00093E88  1895 0001:00093E94
  1896 0001:00093E9F  1904 0001:00093EA4  1905 0001:00093EC8  1906 0001:00093ED6
  1908 0001:00093EF8  1909 0001:00093F05  1911 0001:00093F0D  1912 0001:00093F1A
  1914 0001:00093F29  1915 0001:00093F37  1917 0001:00093F41  1919 0001:00093F54
  1921 0001:00093F60  1925 0001:00093F9B  1927 0001:00093FA5  1930 0001:00093FC1
  1932 0001:00093FEB  1933 0001:00094009  1937 0001:0009400B  1940 0001:00094057
  1927 0001:0009405A  1945 0001:00094065  1949 0001:00094090  1950 0001:00094098
  1951 0001:000940A0  1954 0001:000940B2  1956 0001:000940EB  1962 0001:000940FC
  1963 0001:00094108  1964 0001:0009411C  1965 0001:00094130  1966 0001:00094144
  1968 0001:00094148  1969 0001:00094153  1974 0001:00094158  1975 0001:00094161
  1976 0001:0009416D  1977 0001:0009418B  1976 0001:000941AB  1978 0001:000941B0
  1984 0001:000941B4  1985 0001:000941D4  1986 0001:000941DF  1988 0001:000941EF
  1989 0001:0009421D  1990 0001:0009422F  1992 0001:0009423A  1993 0001:0009427B
  1997 0001:000942B8  1998 0001:000942C4  1999 0001:000942D5  2000 0001:000942E3
  2002 0001:000942FB  2004 0001:0009430B  2007 0001:00094310  2008 0001:00094319
  2009 0001:00094331  2012 0001:00094338  2013 0001:00094341  2014 0001:00094359
  2019 0001:00094360  2020 0001:00094386  2022 0001:00094392  2023 0001:000943B5
  2024 0001:000943D3  2023 0001:0009440B  2026 0001:00094410  2027 0001:0009441C
  2030 0001:00094432  2031 0001:00094443  2032 0001:00094460  2034 0001:000944A2
  2038 0001:00094508  2039 0001:0009452D  2040 0001:00094557  2041 0001:00094578
  2042 0001:00094584  2044 0001:00094599  2045 0001:000945AC  2047 0001:000945B8
  2048 0001:000945C6  2049 0001:000945EC  2048 0001:00094623  2050 0001:00094628
  2052 0001:00094634  2053 0001:0009464E  2054 0001:00094654  2057 0001:00094664
  2058 0001:0009467B  2061 0001:00094697  2062 0001:000946B8  2063 0001:000946D9
  2064 0001:000946EB  2066 0001:0009471E  2069 0001:00094768  2070 0001:00094788
  2071 0001:00094794  2073 0001:000947A3  2074 0001:000947D1  2075 0001:000947D9
  2077 0001:000947FE  2080 0001:00094804  2081 0001:00094810  2082 0001:0009481D
  2083 0001:00094825  2084 0001:0009482D  2087 0001:00094834  2088 0001:00094840
  2090 0001:0009484C  2091 0001:00094867  2092 0001:00094880  2094 0001:0009488B
  2103 0001:00094890  2105 0001:000948E8  2096 0001:000948EC  2099 0001:00094906
  2100 0001:0009490B  2102 0001:00094927

Line numbers for UFormArchive(UFormArchive.pas) segment .text

    66 0001:0009495C    66 0001:00094963

Line numbers for Plugman(C:\Prog\TCPlugman\Plugman\Plugman.dpr) segment .text

    32 0001:00094C64    33 0001:00094C74    34 0001:00094C79    35 0001:00094C85
    36 0001:00094C96    37 0001:00094CA4    38 0001:00094CB2    39 0001:00094CCA
    40 0001:00094CE2    41 0001:00094CFA    42 0001:00094D06

Bound resource files

c:\borland\delphi7\Lib\Buttons.res
c:\borland\delphi7\Lib\ExtDlgs.res
c:\borland\delphi7\Lib\Controls.res
C:\Components\PJButton\PJMenuSpeedButtons.res
UFormInstallProgress.DFM
c:\borland\delphi7\Lib\FileCtrl.res
UFormAbout.DFM
UFormOptions.DFM
UFormAdd.DFM
UFormOrder.DFM
UFormAddExt.DFM
UFormTweak.DFM
UFormReport.DFM
UFormInstallLog.DFM
UFormMain.DFM
UFormArchive.DFM
Res\Resources.res
Plugman.drf


Program entry point at 0001:00094C64
